cuda: True count: 1
Tue Jun 30 00:49:17 2026       
+-----------------------------------------------------------------------------------------+
| NVIDIA-SMI 550.54.14              Driver Version: 550.54.14      CUDA Version: 12.4     |
|-----------------------------------------+------------------------+----------------------+
| GPU  Name                 Persistence-M | Bus-Id          Disp.A | Volatile Uncorr. ECC |
| Fan  Temp   Perf          Pwr:Usage/Cap |           Memory-Usage | GPU-Util  Compute M. |
|                                         |                        |               MIG M. |
|=========================================+========================+======================|
|   0  NVIDIA H100 80GB HBM3          Off |   00000000:55:00.0 Off |                  Off |
| N/A   34C    P0            116W /  700W |    1660MiB /  81559MiB |      5%      Default |
|                                         |                        |             Disabled |
+-----------------------------------------+------------------------+----------------------+
|   1  NVIDIA H100 80GB HBM3          Off |   00000000:68:00.0 Off |                  Off |
| N/A   35C    P0            136W /  700W |   13483MiB /  81559MiB |      8%      Default |
|                                         |                        |             Disabled |
+-----------------------------------------+------------------------+----------------------+
|   2  NVIDIA H100 80GB HBM3          Off |   00000000:D2:00.0 Off |                  Off |
| N/A   33C    P0             71W /  700W |       0MiB /  81559MiB |      0%      Default |
|                                         |                        |             Disabled |
+-----------------------------------------+------------------------+----------------------+
|   3  NVIDIA H100 80GB HBM3          Off |   00000000:E4:00.0 Off |                  Off |
| N/A   33C    P0             68W /  700W |       0MiB /  81559MiB |      0%      Default |
|                                         |                        |             Disabled |
+-----------------------------------------+------------------------+----------------------+
                                                                                         
+-----------------------------------------------------------------------------------------+
| Processes:                                                                              |
|  GPU   GI   CI        PID   Type   Process name                              GPU Memory |
|        ID   ID                                                               Usage      |
|=========================================================================================|
|    0   N/A  N/A   1548706      C   python                                       1650MiB |
|    1   N/A  N/A   1551857    C+G   ...env311_upstream/.venv311/bin/python      13468MiB |
+-----------------------------------------------------------------------------------------+
Real-data LSTM engression: ENA log10(CCN) / paper
  usable samples loaded: 60866  sequence shape: (241, 22)
  train rows: 57646   test rows: 3220
  energy score (CRPS): 0.1586
  median abs error:    0.1827
  90% coverage: 0.307  (width 0.172)
  50% coverage: 0.133  (width 0.068)
  embedding OOD (192-d): kNN mean dist 11.518, Mahalanobis mean dist 14.638
    coverage closest vs farthest bin: kNN 0.326 -> 0.280
  wrote run to: /home/felixhu/WeatherEngression/runs/real_data_diagnostics/ena_weather/log10_ccn/paper/lstm
