cuda: True count: 1
Tue Jun 23 19:52:10 2026       
+-----------------------------------------------------------------------------------------+
| NVIDIA-SMI 550.54.14              Driver Version: 550.54.14      CUDA Version: 12.4     |
|-----------------------------------------+------------------------+----------------------+
| GPU  Name                 Persistence-M | Bus-Id          Disp.A | Volatile Uncorr. ECC |
| Fan  Temp   Perf          Pwr:Usage/Cap |           Memory-Usage | GPU-Util  Compute M. |
|                                         |                        |               MIG M. |
|=========================================+========================+======================|
|   0  NVIDIA H100 80GB HBM3          Off |   00000000:55:00.0 Off |                  Off |
| N/A   44C    P0            501W /  700W |   13566MiB /  81559MiB |     99%      Default |
|                                         |                        |             Disabled |
+-----------------------------------------+------------------------+----------------------+
|   1  NVIDIA H100 80GB HBM3          Off |   00000000:68:00.0 Off |                  Off |
| N/A   33C    P0             69W /  700W |       0MiB /  81559MiB |      0%      Default |
|                                         |                        |             Disabled |
+-----------------------------------------+------------------------+----------------------+
|   2  NVIDIA H100 80GB HBM3          Off |   00000000:D2:00.0 Off |                  Off |
| N/A   33C    P0             70W /  700W |       0MiB /  81559MiB |      0%      Default |
|                                         |                        |             Disabled |
+-----------------------------------------+------------------------+----------------------+
|   3  NVIDIA H100 80GB HBM3          Off |   00000000:E4:00.0 Off |                  Off |
| N/A   33C    P0             71W /  700W |       0MiB /  81559MiB |      0%      Default |
|                                         |                        |             Disabled |
+-----------------------------------------+------------------------+----------------------+
                                                                                         
+-----------------------------------------------------------------------------------------+
| Processes:                                                                              |
|  GPU   GI   CI        PID   Type   Process name                              GPU Memory |
|        ID   ID                                                               Usage      |
|=========================================================================================|
|    0   N/A  N/A   3991130      C   ...miniforge/envs/BindCraft/bin/python      13556MiB |
+-----------------------------------------------------------------------------------------+
Real-data LSTM engression: ENA CCN / random
  usable samples loaded: 8000  sequence shape: (61, 22)
  train rows: 5000   test rows: 800
  energy score (CRPS): 43.0155
  median abs error:    48.1369
  90% coverage: 0.299  (width 35.643)
  50% coverage: 0.111  (width 14.568)
  wrote run to: /home/felixhu/WeatherEngression/runs/real_data_diagnostics/ena_weather/ccn/random/lstm
