[task 13/48] variant=appending --appending-noise  lr=0.003 layers=5 hidden=128  -> runs/real_data_diagnostics/ena_weather/log10_ccn/paper/lstm_stochastic_sweep_oos/appending_lr0.003_l5_h128
cuda: True count: 1
Run parameters:
  additive_noise = False
  appending_noise = True
  batch_size = 256
  ccn_tail_quantile = 0.8
  checkpoint = True
  checkpoint_every = 25
  device = cuda
  early_stop_patience = 12
  engression_model = lstm
  epochs = 100
  event_flag = dust
  global_latent_noise = False
  hidden_dim = 128
  index_dim = None
  log_ccn = True
  lr = 0.003
  mat_path = /storage3/fs1/myu/Active/felixhu/weather_data.mat
  max_coverage_90 = 0.99
  max_samples = None
  min_coverage_90 = 0.6
  no_oos = False
  no_plot = False
  no_readme = False
  noise_dim = 96
  num_layer = 5
  oos_batch_size = 512
  oos_bins = 10
  oos_reference_size = 2000
  out_dir = runs/real_data_diagnostics/ena_weather/log10_ccn/paper/lstm_stochastic_sweep_oos/appending_lr0.003_l5_h128
  per_timestep_noise = False
  pre_additive = False
  prediction_samples = 400
  recurrent_state_noise = False
  resblock = False
  seed = 2026
  seq_stride = 1
  show = False
  skip_assertions = True
  split = paper
  stochastic_init_noise = False
  stonet_head = False
  target = ccn
  test_size = None
  train_size = None
  verbose = False
  weight_decay = 0.0
[epoch    1/100] energy-loss 0.4894 | fit 0.9121 | spread 0.4227
[epoch   10/100] energy-loss 0.3383 | fit 0.6759 | spread 0.3376
[epoch   20/100] energy-loss 0.2761 | fit 0.5448 | spread 0.2687
[epoch   30/100] energy-loss 0.2387 | fit 0.4765 | spread 0.2378
[epoch   40/100] energy-loss 0.2160 | fit 0.4355 | spread 0.2195
[epoch   50/100] energy-loss 0.2046 | fit 0.4060 | spread 0.2014
[epoch   60/100] energy-loss 0.1910 | fit 0.3838 | spread 0.1928
[epoch   70/100] energy-loss 0.1859 | fit 0.3715 | spread 0.1855
[epoch   80/100] energy-loss 0.1769 | fit 0.3575 | spread 0.1806
[epoch   90/100] energy-loss 0.1698 | fit 0.3451 | spread 0.1753
[epoch  100/100] energy-loss 0.1748 | fit 0.3492 | spread 0.1744
Real-data engression [lstm]: ENA log10(CCN) / paper
  usable samples loaded: 60866  sequence shape: (241, 22)
  train rows: 57646   test rows: 3220
  energy score (CRPS): 0.1440
  median abs error:    0.1800
  90% coverage: 0.521  (width 0.300)
  50% coverage: 0.211  (width 0.120)
  embedding OOD (128-d): kNN mean dist 9.388, Mahalanobis mean dist 11.844
    coverage closest vs farthest bin: kNN 0.466 -> 0.503
  wrote run to: runs/real_data_diagnostics/ena_weather/log10_ccn/paper/lstm_stochastic_sweep_oos/appending_lr0.003_l5_h128
