[task 37/48] variant=appending --appending-noise  lr=0.003 layers=5 hidden=192  -> runs/real_data_diagnostics/ena_weather/log10_ccn/paper/lstm_stochastic_sweep_oos/appending_lr0.003_l5_h192
cuda: True count: 1
Run parameters:
  additive_noise = False
  appending_noise = True
  batch_size = 256
  ccn_tail_quantile = 0.8
  checkpoint = True
  checkpoint_every = 25
  device = cuda
  early_stop_patience = 12
  engression_model = lstm
  epochs = 100
  event_flag = dust
  global_latent_noise = False
  hidden_dim = 192
  index_dim = None
  log_ccn = True
  lr = 0.003
  mat_path = /storage3/fs1/myu/Active/felixhu/weather_data.mat
  max_coverage_90 = 0.99
  max_samples = None
  min_coverage_90 = 0.6
  no_oos = False
  no_plot = False
  no_readme = False
  noise_dim = 96
  num_layer = 5
  oos_batch_size = 512
  oos_bins = 10
  oos_reference_size = 2000
  out_dir = runs/real_data_diagnostics/ena_weather/log10_ccn/paper/lstm_stochastic_sweep_oos/appending_lr0.003_l5_h192
  per_timestep_noise = False
  pre_additive = False
  prediction_samples = 400
  recurrent_state_noise = False
  resblock = False
  seed = 2026
  seq_stride = 1
  show = False
  skip_assertions = True
  split = paper
  stochastic_init_noise = False
  stonet_head = False
  target = ccn
  test_size = None
  train_size = None
  verbose = False
  weight_decay = 0.0
[epoch    1/100] energy-loss 0.5032 | fit 0.9315 | spread 0.4282
[epoch   10/100] energy-loss 0.3404 | fit 0.6834 | spread 0.3431
[epoch   20/100] energy-loss 0.2758 | fit 0.5474 | spread 0.2715
[epoch   30/100] energy-loss 0.2434 | fit 0.4810 | spread 0.2376
[epoch   40/100] energy-loss 0.2096 | fit 0.4189 | spread 0.2093
[epoch   50/100] energy-loss 0.1904 | fit 0.3815 | spread 0.1910
[epoch   60/100] energy-loss 0.1791 | fit 0.3631 | spread 0.1841
[epoch   70/100] energy-loss 0.2129 | fit 0.4221 | spread 0.2092
[epoch 76] early stop: training energy loss has not improved by >0.0001 for 12 epochs
Real-data engression [lstm]: ENA log10(CCN) / paper
  usable samples loaded: 60866  sequence shape: (241, 22)
  train rows: 57646   test rows: 3220
  energy score (CRPS): 0.1426
  median abs error:    0.1794
  90% coverage: 0.529  (width 0.308)
  50% coverage: 0.212  (width 0.122)
  embedding OOD (192-d): kNN mean dist 11.872, Mahalanobis mean dist 15.142
    coverage closest vs farthest bin: kNN 0.506 -> 0.484
  wrote run to: runs/real_data_diagnostics/ena_weather/log10_ccn/paper/lstm_stochastic_sweep_oos/appending_lr0.003_l5_h192
