[task 0/48] variant=additive --additive-noise  lr=0.003 layers=3 hidden=128  -> runs/real_data_diagnostics/ena_weather/log10_ccn/paper/lstm_stochastic_sweep_oos/additive_lr0.003_l3_h128
cuda: True count: 1
Run parameters:
  additive_noise = True
  appending_noise = False
  batch_size = 256
  ccn_tail_quantile = 0.8
  checkpoint = True
  checkpoint_every = 25
  device = cuda
  early_stop_patience = 12
  engression_model = lstm
  epochs = 100
  event_flag = dust
  global_latent_noise = False
  hidden_dim = 128
  index_dim = None
  log_ccn = True
  lr = 0.003
  mat_path = /storage3/fs1/myu/Active/felixhu/weather_data.mat
  max_coverage_90 = 0.99
  max_samples = None
  min_coverage_90 = 0.6
  no_oos = False
  no_plot = False
  no_readme = False
  noise_dim = 96
  num_layer = 3
  oos_batch_size = 512
  oos_bins = 10
  oos_reference_size = 2000
  out_dir = runs/real_data_diagnostics/ena_weather/log10_ccn/paper/lstm_stochastic_sweep_oos/additive_lr0.003_l3_h128
  per_timestep_noise = False
  pre_additive = False
  prediction_samples = 400
  recurrent_state_noise = False
  resblock = False
  seed = 2026
  seq_stride = 1
  show = False
  skip_assertions = True
  split = paper
  stochastic_init_noise = False
  stonet_head = False
  target = ccn
  test_size = None
  train_size = None
  verbose = False
  weight_decay = 0.0
[epoch    1/100] energy-loss 0.4932 | fit 0.9113 | spread 0.4181
[epoch   10/100] energy-loss 0.3368 | fit 0.6634 | spread 0.3266
[epoch   20/100] energy-loss 0.2716 | fit 0.5396 | spread 0.2680
[epoch   30/100] energy-loss 0.2365 | fit 0.4704 | spread 0.2338
[epoch   40/100] energy-loss 0.2161 | fit 0.4296 | spread 0.2135
[epoch   50/100] energy-loss 0.1984 | fit 0.3961 | spread 0.1977
[epoch   60/100] energy-loss 0.1912 | fit 0.3836 | spread 0.1924
[epoch   70/100] energy-loss 0.1792 | fit 0.3650 | spread 0.1857
[epoch   80/100] energy-loss 0.1753 | fit 0.3547 | spread 0.1794
[epoch   90/100] energy-loss 0.1822 | fit 0.3659 | spread 0.1837
[epoch 99] early stop: training energy loss has not improved by >0.0001 for 12 epochs
Real-data engression [lstm]: ENA log10(CCN) / paper
  usable samples loaded: 60866  sequence shape: (241, 22)
  train rows: 57646   test rows: 3220
  energy score (CRPS): 0.1451
  median abs error:    0.1825
  90% coverage: 0.511  (width 0.312)
  50% coverage: 0.218  (width 0.123)
  embedding OOD (128-d): kNN mean dist 9.086, Mahalanobis mean dist 11.560
    coverage closest vs farthest bin: kNN 0.478 -> 0.438
  wrote run to: runs/real_data_diagnostics/ena_weather/log10_ccn/paper/lstm_stochastic_sweep_oos/additive_lr0.003_l3_h128
