[task 28/48] variant=init_state --stochastic-init-noise  lr=0.003 layers=3 hidden=192  -> runs/real_data_diagnostics/ena_weather/log10_ccn/paper/lstm_stochastic_sweep_oos/init_state_lr0.003_l3_h192
cuda: True count: 1
Run parameters:
  additive_noise = False
  appending_noise = False
  batch_size = 256
  ccn_tail_quantile = 0.8
  checkpoint = True
  checkpoint_every = 25
  device = cuda
  early_stop_patience = 12
  engression_model = lstm
  epochs = 100
  event_flag = dust
  global_latent_noise = False
  hidden_dim = 192
  index_dim = None
  log_ccn = True
  lr = 0.003
  mat_path = /storage3/fs1/myu/Active/felixhu/weather_data.mat
  max_coverage_90 = 0.99
  max_samples = None
  min_coverage_90 = 0.6
  no_oos = False
  no_plot = False
  no_readme = False
  noise_dim = 96
  num_layer = 3
  oos_batch_size = 512
  oos_bins = 10
  oos_reference_size = 2000
  out_dir = runs/real_data_diagnostics/ena_weather/log10_ccn/paper/lstm_stochastic_sweep_oos/init_state_lr0.003_l3_h192
  per_timestep_noise = False
  pre_additive = False
  prediction_samples = 400
  recurrent_state_noise = False
  resblock = False
  seed = 2026
  seq_stride = 1
  show = False
  skip_assertions = True
  split = paper
  stochastic_init_noise = True
  stonet_head = False
  target = ccn
  test_size = None
  train_size = None
  verbose = False
  weight_decay = 0.0
[epoch    1/100] energy-loss 0.6663 | fit 0.6664 | spread 0.0000
[epoch   10/100] energy-loss 0.4022 | fit 0.8042 | spread 0.4020
[epoch   20/100] energy-loss 0.3719 | fit 0.7355 | spread 0.3636
[epoch   30/100] energy-loss 0.3521 | fit 0.7191 | spread 0.3671
[epoch   40/100] energy-loss 0.3148 | fit 0.6386 | spread 0.3238
[epoch   50/100] energy-loss 0.2994 | fit 0.6255 | spread 0.3261
[epoch   60/100] energy-loss 0.4563 | fit 0.7839 | spread 0.3277
[epoch 64] early stop: training energy loss has not improved by >0.0001 for 12 epochs
Real-data engression [lstm]: ENA log10(CCN) / paper
  usable samples loaded: 60866  sequence shape: (241, 22)
  train rows: 57646   test rows: 3220
  energy score (CRPS): 0.1313
  median abs error:    0.1810
  90% coverage: 0.711  (width 0.453)
  50% coverage: 0.391  (width 0.213)
  embedding OOD (192-d): kNN mean dist 9.612, Mahalanobis mean dist 14.278
    coverage closest vs farthest bin: kNN 0.677 -> 0.730
  wrote run to: runs/real_data_diagnostics/ena_weather/log10_ccn/paper/lstm_stochastic_sweep_oos/init_state_lr0.003_l3_h192
