[task 2/48] variant=per_timestep --per-timestep-noise  lr=0.003 layers=3 hidden=128  -> runs/real_data_diagnostics/ena_weather/log10_ccn/paper/lstm_stochastic_sweep_oos/per_timestep_lr0.003_l3_h128
cuda: True count: 1
Run parameters:
  additive_noise = False
  appending_noise = False
  batch_size = 256
  ccn_tail_quantile = 0.8
  checkpoint = True
  checkpoint_every = 25
  device = cuda
  early_stop_patience = 12
  engression_model = lstm
  epochs = 100
  event_flag = dust
  global_latent_noise = False
  hidden_dim = 128
  index_dim = None
  log_ccn = True
  lr = 0.003
  mat_path = /storage3/fs1/myu/Active/felixhu/weather_data.mat
  max_coverage_90 = 0.99
  max_samples = None
  min_coverage_90 = 0.6
  no_oos = False
  no_plot = False
  no_readme = False
  noise_dim = 96
  num_layer = 3
  oos_batch_size = 512
  oos_bins = 10
  oos_reference_size = 2000
  out_dir = runs/real_data_diagnostics/ena_weather/log10_ccn/paper/lstm_stochastic_sweep_oos/per_timestep_lr0.003_l3_h128
  per_timestep_noise = True
  pre_additive = False
  prediction_samples = 400
  recurrent_state_noise = False
  resblock = False
  seed = 2026
  seq_stride = 1
  show = False
  skip_assertions = True
  split = paper
  stochastic_init_noise = False
  stonet_head = False
  target = ccn
  test_size = None
  train_size = None
  verbose = False
  weight_decay = 0.0
[epoch    1/100] energy-loss 0.4993 | fit 0.9405 | spread 0.4412
[epoch   10/100] energy-loss 0.3990 | fit 0.7854 | spread 0.3864
[epoch   20/100] energy-loss 0.3709 | fit 0.7437 | spread 0.3727
[epoch   30/100] energy-loss 0.3626 | fit 0.7303 | spread 0.3677
[epoch   40/100] energy-loss 0.3544 | fit 0.7159 | spread 0.3615
[epoch   50/100] energy-loss 0.3475 | fit 0.7030 | spread 0.3556
[epoch   60/100] energy-loss 0.4113 | fit 0.8121 | spread 0.4009
[epoch 64] early stop: training energy loss has not improved by >0.0001 for 12 epochs
Real-data engression [lstm]: ENA log10(CCN) / paper
  usable samples loaded: 60866  sequence shape: (241, 22)
  train rows: 57646   test rows: 3220
  energy score (CRPS): 0.1167
  median abs error:    0.1637
  90% coverage: 0.880  (width 0.666)
  50% coverage: 0.468  (width 0.260)
  embedding OOD (128-d): kNN mean dist 7.060, Mahalanobis mean dist 10.970
    coverage closest vs farthest bin: kNN 0.885 -> 0.866
  wrote run to: runs/real_data_diagnostics/ena_weather/log10_ccn/paper/lstm_stochastic_sweep_oos/per_timestep_lr0.003_l3_h128
