[task 4/48] variant=init_state --stochastic-init-noise  lr=0.003 layers=3 hidden=128  -> runs/real_data_diagnostics/ena_weather/log10_ccn/paper/lstm_stochastic_sweep_oos/init_state_lr0.003_l3_h128
cuda: True count: 1
Run parameters:
  additive_noise = False
  appending_noise = False
  batch_size = 256
  ccn_tail_quantile = 0.8
  checkpoint = True
  checkpoint_every = 25
  device = cuda
  early_stop_patience = 12
  engression_model = lstm
  epochs = 100
  event_flag = dust
  global_latent_noise = False
  hidden_dim = 128
  index_dim = None
  log_ccn = True
  lr = 0.003
  mat_path = /storage3/fs1/myu/Active/felixhu/weather_data.mat
  max_coverage_90 = 0.99
  max_samples = None
  min_coverage_90 = 0.6
  no_oos = False
  no_plot = False
  no_readme = False
  noise_dim = 96
  num_layer = 3
  oos_batch_size = 512
  oos_bins = 10
  oos_reference_size = 2000
  out_dir = runs/real_data_diagnostics/ena_weather/log10_ccn/paper/lstm_stochastic_sweep_oos/init_state_lr0.003_l3_h128
  per_timestep_noise = False
  pre_additive = False
  prediction_samples = 400
  recurrent_state_noise = False
  resblock = False
  seed = 2026
  seq_stride = 1
  show = False
  skip_assertions = True
  split = paper
  stochastic_init_noise = True
  stonet_head = False
  target = ccn
  test_size = None
  train_size = None
  verbose = False
  weight_decay = 0.0
[epoch    1/100] energy-loss 0.6614 | fit 0.6615 | spread 0.0000
[epoch   10/100] energy-loss 0.3607 | fit 0.6885 | spread 0.3278
[epoch   20/100] energy-loss 0.2907 | fit 0.5739 | spread 0.2832
[epoch   30/100] energy-loss 0.2446 | fit 0.4780 | spread 0.2335
[epoch   40/100] energy-loss 0.2123 | fit 0.4134 | spread 0.2011
[epoch   50/100] energy-loss 0.1913 | fit 0.3753 | spread 0.1841
[epoch   60/100] energy-loss 0.1780 | fit 0.3466 | spread 0.1687
[epoch   70/100] energy-loss 0.1664 | fit 0.3277 | spread 0.1612
[epoch   80/100] energy-loss 0.1592 | fit 0.3128 | spread 0.1537
[epoch   90/100] energy-loss 0.1521 | fit 0.3000 | spread 0.1479
[epoch  100/100] energy-loss 0.1447 | fit 0.2851 | spread 0.1404
Real-data engression [lstm]: ENA log10(CCN) / paper
  usable samples loaded: 60866  sequence shape: (241, 22)
  train rows: 57646   test rows: 3220
  energy score (CRPS): 0.1502
  median abs error:    0.1845
  90% coverage: 0.453  (width 0.282)
  50% coverage: 0.196  (width 0.108)
  embedding OOD (128-d): kNN mean dist 9.204, Mahalanobis mean dist 11.606
    coverage closest vs farthest bin: kNN 0.463 -> 0.379
  wrote run to: runs/real_data_diagnostics/ena_weather/log10_ccn/paper/lstm_stochastic_sweep_oos/init_state_lr0.003_l3_h128
