[task 14/48] variant=per_timestep --per-timestep-noise  lr=0.003 layers=5 hidden=128  -> runs/real_data_diagnostics/ena_weather/log10_ccn/paper/lstm_stochastic_sweep_oos/per_timestep_lr0.003_l5_h128
cuda: True count: 1
Run parameters:
  additive_noise = False
  appending_noise = False
  batch_size = 256
  ccn_tail_quantile = 0.8
  checkpoint = True
  checkpoint_every = 25
  device = cuda
  early_stop_patience = 12
  engression_model = lstm
  epochs = 100
  event_flag = dust
  global_latent_noise = False
  hidden_dim = 128
  index_dim = None
  log_ccn = True
  lr = 0.003
  mat_path = /storage3/fs1/myu/Active/felixhu/weather_data.mat
  max_coverage_90 = 0.99
  max_samples = None
  min_coverage_90 = 0.6
  no_oos = False
  no_plot = False
  no_readme = False
  noise_dim = 96
  num_layer = 5
  oos_batch_size = 512
  oos_bins = 10
  oos_reference_size = 2000
  out_dir = runs/real_data_diagnostics/ena_weather/log10_ccn/paper/lstm_stochastic_sweep_oos/per_timestep_lr0.003_l5_h128
  per_timestep_noise = True
  pre_additive = False
  prediction_samples = 400
  recurrent_state_noise = False
  resblock = False
  seed = 2026
  seq_stride = 1
  show = False
  skip_assertions = True
  split = paper
  stochastic_init_noise = False
  stonet_head = False
  target = ccn
  test_size = None
  train_size = None
  verbose = False
  weight_decay = 0.0
[epoch    1/100] energy-loss 0.5060 | fit 0.9291 | spread 0.4231
[epoch   10/100] energy-loss 0.4276 | fit 0.8464 | spread 0.4188
[epoch   20/100] energy-loss 0.3926 | fit 0.7853 | spread 0.3927
[epoch   30/100] energy-loss 0.3737 | fit 0.7550 | spread 0.3813
[epoch   40/100] energy-loss 0.3612 | fit 0.7284 | spread 0.3672
[epoch   50/100] energy-loss 0.3538 | fit 0.7241 | spread 0.3704
[epoch   60/100] energy-loss 0.3480 | fit 0.7207 | spread 0.3726
[epoch   70/100] energy-loss 0.3488 | fit 0.7072 | spread 0.3585
[epoch 74] early stop: training energy loss has not improved by >0.0001 for 12 epochs
Real-data engression [lstm]: ENA log10(CCN) / paper
  usable samples loaded: 60866  sequence shape: (241, 22)
  train rows: 57646   test rows: 3220
  energy score (CRPS): 0.1147
  median abs error:    0.1605
  90% coverage: 0.871  (width 0.615)
  50% coverage: 0.477  (width 0.246)
  embedding OOD (128-d): kNN mean dist 8.479, Mahalanobis mean dist 11.730
    coverage closest vs farthest bin: kNN 0.891 -> 0.826
  wrote run to: runs/real_data_diagnostics/ena_weather/log10_ccn/paper/lstm_stochastic_sweep_oos/per_timestep_lr0.003_l5_h128
