cuda: True count: 1
Thu Jul  2 19:06:36 2026       
+-----------------------------------------------------------------------------------------+
| NVIDIA-SMI 550.54.14              Driver Version: 550.54.14      CUDA Version: 12.4     |
|-----------------------------------------+------------------------+----------------------+
| GPU  Name                 Persistence-M | Bus-Id          Disp.A | Volatile Uncorr. ECC |
| Fan  Temp   Perf          Pwr:Usage/Cap |           Memory-Usage | GPU-Util  Compute M. |
|                                         |                        |               MIG M. |
|=========================================+========================+======================|
|   0  NVIDIA H100 80GB HBM3          Off |   00000000:55:00.0 Off |                  Off |
| N/A   50C    P0            635W /  700W |   18898MiB /  81559MiB |     99%      Default |
|                                         |                        |             Disabled |
+-----------------------------------------+------------------------+----------------------+
|   1  NVIDIA H100 80GB HBM3          Off |   00000000:68:00.0 Off |                  Off |
| N/A   33C    P0            115W /  700W |   32940MiB /  81559MiB |      0%      Default |
|                                         |                        |             Disabled |
+-----------------------------------------+------------------------+----------------------+
|   2  NVIDIA H100 80GB HBM3          Off |   00000000:D2:00.0 Off |                  Off |
| N/A   34C    P0            110W /  700W |   35280MiB /  81559MiB |      0%      Default |
|                                         |                        |             Disabled |
+-----------------------------------------+------------------------+----------------------+
|   3  NVIDIA H100 80GB HBM3          Off |   00000000:E4:00.0 Off |                  Off |
| N/A   32C    P0             69W /  700W |       0MiB /  81559MiB |      0%      Default |
|                                         |                        |             Disabled |
+-----------------------------------------+------------------------+----------------------+
                                                                                         
+-----------------------------------------------------------------------------------------+
| Processes:                                                                              |
|  GPU   GI   CI        PID   Type   Process name                              GPU Memory |
|        ID   ID                                                               Usage      |
|=========================================================================================|
|    0   N/A  N/A   4031021      C   ...e/sizhe/conda/envs/stage/bin/python      18888MiB |
|    1   N/A  N/A   4027572      C   ...conda-envs/vam_train/bin/python3.10      32930MiB |
|    2   N/A  N/A   4027572      C   ...conda-envs/vam_train/bin/python3.10      35270MiB |
+-----------------------------------------------------------------------------------------+
Run parameters:
  batch_size = 256
  ccn_tail_quantile = 0.8
  checkpoint = True
  checkpoint_every = 25
  device = cuda
  early_stop_patience = None
  engression_model = lstm
  epochs = 120
  event_flag = dust
  hidden_dim = 192
  index_dim = None
  log_ccn = True
  lr = 0.003
  mat_path = /storage3/fs1/myu/Active/felixhu/weather_data.mat
  max_coverage_90 = 0.99
  max_samples = None
  min_coverage_90 = 0.6
  no_oos = False
  no_plot = False
  no_readme = False
  noise_dim = 96
  num_layer = 3
  oos_batch_size = 512
  oos_bins = 10
  oos_reference_size = 2000
  out_dir = runs/real_data_diagnostics/ena_weather/log10_ccn/paper/default_head
  pre_additive = False
  prediction_samples = 800
  resblock = False
  seed = 2026
  seq_stride = 1
  show = False
  skip_assertions = True
  split = paper
  stonet_head = False
  target = ccn
  test_size = None
  train_size = None
  verbose = False
  weight_decay = 0.0
[epoch    1/120] energy-loss 0.4899 | fit 0.9451 | spread 0.4553
[epoch   10/120] energy-loss 0.3429 | fit 0.6733 | spread 0.3305
[epoch   20/120] energy-loss 0.2698 | fit 0.5340 | spread 0.2642
[epoch   30/120] energy-loss 0.2148 | fit 0.4269 | spread 0.2122
[epoch   40/120] energy-loss 0.2003 | fit 0.3982 | spread 0.1980
[epoch   50/120] energy-loss 0.1754 | fit 0.3503 | spread 0.1749
[epoch   60/120] energy-loss 0.1575 | fit 0.3108 | spread 0.1533
[epoch   70/120] energy-loss 0.4335 | fit 0.8610 | spread 0.4276
[epoch   80/120] energy-loss 0.4757 | fit 0.9680 | spread 0.4924
[epoch   90/120] energy-loss 0.4335 | fit 0.8631 | spread 0.4295
[epoch  100/120] energy-loss 0.4143 | fit 0.8517 | spread 0.4374
[epoch  110/120] energy-loss 0.4261 | fit 0.9092 | spread 0.4831
[epoch  120/120] energy-loss 0.4344 | fit 0.8659 | spread 0.4315
Real-data engression [lstm]: ENA log10(CCN) / paper
  usable samples loaded: 60866  sequence shape: (241, 22)
  train rows: 57646   test rows: 3220
  energy score (CRPS): 0.1261
  median abs error:    0.1762
  90% coverage: 0.888  (width 0.690)
  50% coverage: 0.480  (width 0.266)
  embedding OOD (192-d): kNN mean dist 10.337, Mahalanobis mean dist 14.956
    coverage closest vs farthest bin: kNN 0.901 -> 0.848
  wrote run to: runs/real_data_diagnostics/ena_weather/log10_ccn/paper/default_head
copied default-head charts -> reports/fig_default_is.png, reports/fig_default_oos.png
rebuilt reports/real_data_engression_summary.pdf
