cuda: True count: 1
Mon Jun 29 23:41:01 2026       
+-----------------------------------------------------------------------------------------+
| NVIDIA-SMI 550.54.14              Driver Version: 550.54.14      CUDA Version: 12.4     |
|-----------------------------------------+------------------------+----------------------+
| GPU  Name                 Persistence-M | Bus-Id          Disp.A | Volatile Uncorr. ECC |
| Fan  Temp   Perf          Pwr:Usage/Cap |           Memory-Usage | GPU-Util  Compute M. |
|                                         |                        |               MIG M. |
|=========================================+========================+======================|
|   0  NVIDIA H100 80GB HBM3          Off |   00000000:55:00.0 Off |                  Off |
| N/A   36C    P0            114W /  700W |    2924MiB /  81559MiB |      0%      Default |
|                                         |                        |             Disabled |
+-----------------------------------------+------------------------+----------------------+
|   1  NVIDIA H100 80GB HBM3          Off |   00000000:68:00.0 Off |                  Off |
| N/A   35C    P0            114W /  700W |   12484MiB /  81559MiB |      0%      Default |
|                                         |                        |             Disabled |
+-----------------------------------------+------------------------+----------------------+
|   2  NVIDIA H100 80GB HBM3          Off |   00000000:D2:00.0 Off |                  Off |
| N/A   41C    P0            346W /  700W |   61988MiB /  81559MiB |    100%      Default |
|                                         |                        |             Disabled |
+-----------------------------------------+------------------------+----------------------+
|   3  NVIDIA H100 80GB HBM3          Off |   00000000:E4:00.0 Off |                  Off |
| N/A   35C    P0             71W /  700W |       0MiB /  81559MiB |      0%      Default |
|                                         |                        |             Disabled |
+-----------------------------------------+------------------------+----------------------+
                                                                                         
+-----------------------------------------------------------------------------------------+
| Processes:                                                                              |
|  GPU   GI   CI        PID   Type   Process name                              GPU Memory |
|        ID   ID                                                               Usage      |
|=========================================================================================|
|    0   N/A  N/A   2251215      C   python                                       2914MiB |
|    1   N/A  N/A   1726516      C   ...a/envs/rapids_singlecell/bin/python      11218MiB |
|    1   N/A  N/A   1828158      C   ...a/envs/rapids_singlecell/bin/python       1226MiB |
|    2   N/A  N/A   2220969      C   python                                      61978MiB |
+-----------------------------------------------------------------------------------------+
Compute device: cuda
Loading checkpoint: runs/real_data_diagnostics/ena_weather/log10_ccn/paper/lstm/checkpoint_best.pt
Loading data and rebuilding the split (no retraining)...
  train rows: 57646   test rows: 3220

overall 90% coverage: 0.426
embedding dim: 192  kNN/Maha distance corr: 0.920
coverage by distance bin (closest -> farthest):
  kNN : [0.419, 0.419, 0.475, 0.494, 0.438, 0.41, 0.413, 0.391, 0.413, 0.391]
  Maha: [0.419, 0.435, 0.466, 0.46, 0.481, 0.425, 0.407, 0.376, 0.416, 0.379]

wrote: runs/real_data_diagnostics/ena_weather/log10_ccn/paper/lstm/coverage_vs_distance.png
wrote: runs/real_data_diagnostics/ena_weather/log10_ccn/paper/lstm/oos_from_checkpoint.json
