cuda: True count: 1
Run parameters:
  batch_size = 256
  ccn_tail_quantile = 0.8
  checkpoint = True
  checkpoint_every = 10
  device = cuda
  epochs = 120
  event_flag = dust
  hidden_dim = 192
  index_dim = None
  log_ccn = True
  lr = 0.003
  mat_path = /storage3/fs1/myu/Active/felixhu/weather_data.mat
  max_coverage_90 = 0.99
  max_samples = None
  min_coverage_90 = 0.6
  no_oos = False
  no_plot = False
  no_readme = False
  noise_dim = 96
  num_layer = 3
  oos_batch_size = 512
  oos_bins = 10
  oos_reference_size = 2000
  out_dir = runs/real_data_diagnostics/log10_ccn/paper/sweep/A_full_stonet
  pre_additive = False
  prediction_samples = 800
  resblock = False
  seed = 2026
  seq_stride = 1
  show = False
  skip_assertions = True
  split = paper
  stonet_head = True
  target = ccn
  test_size = None
  train_size = None
  verbose = False
  weight_decay = 0.0
[epoch    1/120] energy-loss 0.5031 | fit 0.9774 | spread 0.4742
[epoch   10/120] energy-loss 0.3391 | fit 0.6681 | spread 0.3290
[epoch   20/120] energy-loss 0.2696 | fit 0.5309 | spread 0.2614
[epoch   30/120] energy-loss 0.2244 | fit 0.4542 | spread 0.2298
[epoch   40/120] energy-loss 0.1937 | fit 0.3861 | spread 0.1924
[epoch   50/120] energy-loss 0.1762 | fit 0.3509 | spread 0.1747
[epoch   60/120] energy-loss 0.1618 | fit 0.3258 | spread 0.1640
[epoch   70/120] energy-loss 0.1497 | fit 0.2997 | spread 0.1500
[epoch   80/120] energy-loss 0.1419 | fit 0.2841 | spread 0.1422
[epoch   90/120] energy-loss 0.1362 | fit 0.2701 | spread 0.1339
[epoch  100/120] energy-loss 0.1297 | fit 0.2627 | spread 0.1329
[epoch  110/120] energy-loss 0.1263 | fit 0.2504 | spread 0.1241
[epoch  120/120] energy-loss 0.1204 | fit 0.2445 | spread 0.1241
Real-data LSTM engression: ENA log10(CCN) / paper
  usable samples loaded: 60866  sequence shape: (241, 22)
  train rows: 57646   test rows: 3220
  energy score (CRPS): 0.1512
  median abs error:    0.1785
  90% coverage: 0.368  (width 0.198)
  50% coverage: 0.150  (width 0.079)
  embedding OOD (192-d): kNN mean dist 11.420, Mahalanobis mean dist 13.879
    coverage closest vs farthest bin: kNN 0.345 -> 0.382
  wrote run to: runs/real_data_diagnostics/log10_ccn/paper/sweep/A_full_stonet
