cuda: True count: 1
Run parameters:
  batch_size = 256
  ccn_tail_quantile = 0.8
  checkpoint = True
  checkpoint_every = 10
  device = cuda
  epochs = 120
  event_flag = dust
  hidden_dim = 192
  index_dim = 96
  log_ccn = True
  lr = 0.003
  mat_path = /storage3/fs1/myu/Active/felixhu/weather_data.mat
  max_coverage_90 = 0.99
  max_samples = None
  min_coverage_90 = 0.6
  no_oos = False
  no_plot = False
  no_readme = False
  noise_dim = 96
  num_layer = 3
  oos_batch_size = 512
  oos_bins = 10
  oos_reference_size = 2000
  out_dir = runs/real_data_diagnostics/log10_ccn/paper/sweep/B_short_preadd
  pre_additive = True
  prediction_samples = 800
  resblock = False
  seed = 2026
  seq_stride = 4
  show = False
  skip_assertions = True
  split = paper
  stonet_head = False
  target = ccn
  test_size = None
  train_size = None
  verbose = False
  weight_decay = 0.0
[epoch    1/120] energy-loss 0.7619 | fit 2.0705 | spread 1.3086
[epoch   10/120] energy-loss 0.3179 | fit 0.6265 | spread 0.3086
[epoch   20/120] energy-loss 0.2326 | fit 0.4574 | spread 0.2247
[epoch   30/120] energy-loss 0.1862 | fit 0.3627 | spread 0.1765
[epoch   40/120] energy-loss 0.1565 | fit 0.3040 | spread 0.1475
[epoch   50/120] energy-loss 0.1373 | fit 0.2662 | spread 0.1290
[epoch   60/120] energy-loss 0.1246 | fit 0.2410 | spread 0.1164
[epoch   70/120] energy-loss 0.1136 | fit 0.2199 | spread 0.1063
[epoch   80/120] energy-loss 0.1069 | fit 0.2064 | spread 0.0995
[epoch   90/120] energy-loss 0.1000 | fit 0.1960 | spread 0.0959
[epoch  100/120] energy-loss 0.0942 | fit 0.1848 | spread 0.0906
[epoch  110/120] energy-loss 0.0906 | fit 0.1761 | spread 0.0856
[epoch  120/120] energy-loss 0.0882 | fit 0.1711 | spread 0.0829
Real-data LSTM engression: ENA log10(CCN) / paper
  usable samples loaded: 60866  sequence shape: (61, 22)
  train rows: 57646   test rows: 3220
  energy score (CRPS): 0.1549
  median abs error:    0.1750
  90% coverage: 0.265  (width 0.137)
  50% coverage: 0.112  (width 0.056)
  embedding OOD (192-d): kNN mean dist 12.185, Mahalanobis mean dist 14.479
    coverage closest vs farthest bin: kNN 0.295 -> 0.199
  wrote run to: runs/real_data_diagnostics/log10_ccn/paper/sweep/B_short_preadd
