cuda: True count: 1
Run parameters:
  batch_size = 256
  ccn_tail_quantile = 0.8
  checkpoint = True
  checkpoint_every = 10
  device = cuda
  epochs = 120
  event_flag = dust
  hidden_dim = 192
  index_dim = None
  log_ccn = True
  lr = 0.003
  mat_path = /storage3/fs1/myu/Active/felixhu/weather_data.mat
  max_coverage_90 = 0.99
  max_samples = None
  min_coverage_90 = 0.6
  no_oos = False
  no_plot = False
  no_readme = False
  noise_dim = 96
  num_layer = 3
  oos_batch_size = 512
  oos_bins = 10
  oos_reference_size = 2000
  out_dir = runs/real_data_diagnostics/log10_ccn/paper/sweep/B_short_stonet
  pre_additive = False
  prediction_samples = 800
  resblock = False
  seed = 2026
  seq_stride = 4
  show = False
  skip_assertions = True
  split = paper
  stonet_head = True
  target = ccn
  test_size = None
  train_size = None
  verbose = False
  weight_decay = 0.0
[epoch    1/120] energy-loss 0.4547 | fit 0.8995 | spread 0.4449
[epoch   10/120] energy-loss 0.2862 | fit 0.5766 | spread 0.2904
[epoch   20/120] energy-loss 0.2039 | fit 0.4074 | spread 0.2035
[epoch   30/120] energy-loss 0.1677 | fit 0.3377 | spread 0.1700
[epoch   40/120] energy-loss 0.1465 | fit 0.2980 | spread 0.1515
[epoch   50/120] energy-loss 0.1304 | fit 0.2642 | spread 0.1338
[epoch   60/120] energy-loss 0.1207 | fit 0.2437 | spread 0.1230
[epoch   70/120] energy-loss 0.1155 | fit 0.2328 | spread 0.1173
[epoch   80/120] energy-loss 0.1064 | fit 0.2159 | spread 0.1095
[epoch   90/120] energy-loss 0.1032 | fit 0.2061 | spread 0.1029
[epoch  100/120] energy-loss 0.1013 | fit 0.2064 | spread 0.1051
[epoch  110/120] energy-loss 0.0975 | fit 0.2025 | spread 0.1049
[epoch  120/120] energy-loss 0.0956 | fit 0.1982 | spread 0.1025
Real-data LSTM engression: ENA log10(CCN) / paper
  usable samples loaded: 60866  sequence shape: (61, 22)
  train rows: 57646   test rows: 3220
  energy score (CRPS): 0.1492
  median abs error:    0.1728
  90% coverage: 0.303  (width 0.166)
  50% coverage: 0.134  (width 0.066)
  embedding OOD (192-d): kNN mean dist 12.529, Mahalanobis mean dist 14.351
    coverage closest vs farthest bin: kNN 0.339 -> 0.317
  wrote run to: runs/real_data_diagnostics/log10_ccn/paper/sweep/B_short_stonet
