cuda: True count: 1
Run parameters:
  batch_size = 256
  ccn_tail_quantile = 0.8
  checkpoint = True
  checkpoint_every = 10
  device = cuda
  epochs = 200
  event_flag = dust
  hidden_dim = 192
  index_dim = 96
  log_ccn = True
  lr = 0.001
  mat_path = /storage3/fs1/myu/Active/felixhu/weather_data.mat
  max_coverage_90 = 0.99
  max_samples = None
  min_coverage_90 = 0.6
  no_oos = False
  no_plot = False
  no_readme = False
  noise_dim = 96
  num_layer = 3
  oos_batch_size = 512
  oos_bins = 10
  oos_reference_size = 2000
  out_dir = runs/real_data_diagnostics/log10_ccn/paper/sweep/D_lowlr_preadd
  pre_additive = True
  prediction_samples = 800
  resblock = False
  seed = 2026
  seq_stride = 4
  show = False
  skip_assertions = True
  split = paper
  stonet_head = False
  target = ccn
  test_size = None
  train_size = None
  verbose = False
  weight_decay = 0.0001
[epoch    1/200] energy-loss 0.9500 | fit 2.6095 | spread 1.6595
[epoch   10/200] energy-loss 0.3690 | fit 0.7705 | spread 0.4014
[epoch   20/200] energy-loss 0.3108 | fit 0.6647 | spread 0.3538
[epoch   30/200] energy-loss 0.2688 | fit 0.5754 | spread 0.3066
[epoch   40/200] energy-loss 0.2437 | fit 0.5084 | spread 0.2647
[epoch   50/200] energy-loss 0.2218 | fit 0.4615 | spread 0.2396
[epoch   60/200] energy-loss 0.2073 | fit 0.4308 | spread 0.2235
[epoch   70/200] energy-loss 0.1965 | fit 0.4074 | spread 0.2109
[epoch   80/200] energy-loss 0.1860 | fit 0.3878 | spread 0.2018
[epoch   90/200] energy-loss 0.1779 | fit 0.3749 | spread 0.1969
[epoch  100/200] energy-loss 0.1725 | fit 0.3621 | spread 0.1897
[epoch  110/200] energy-loss 0.1690 | fit 0.3526 | spread 0.1835
[epoch  120/200] energy-loss 0.1620 | fit 0.3418 | spread 0.1798
[epoch  130/200] energy-loss 0.1606 | fit 0.3372 | spread 0.1766
[epoch  140/200] energy-loss 0.1600 | fit 0.3340 | spread 0.1740
[epoch  150/200] energy-loss 0.1553 | fit 0.3274 | spread 0.1721
[epoch  160/200] energy-loss 0.1523 | fit 0.3226 | spread 0.1704
[epoch  170/200] energy-loss 0.1519 | fit 0.3212 | spread 0.1692
[epoch  180/200] energy-loss 0.1493 | fit 0.3159 | spread 0.1665
[epoch  190/200] energy-loss 0.1496 | fit 0.3151 | spread 0.1655
[epoch  200/200] energy-loss 0.1460 | fit 0.3097 | spread 0.1637
Real-data LSTM engression: ENA log10(CCN) / paper
  usable samples loaded: 60866  sequence shape: (61, 22)
  train rows: 57646   test rows: 3220
  energy score (CRPS): 0.1542
  median abs error:    0.1887
  90% coverage: 0.451  (width 0.270)
  50% coverage: 0.184  (width 0.109)
  embedding OOD (192-d): kNN mean dist 11.520, Mahalanobis mean dist 14.507
    coverage closest vs farthest bin: kNN 0.627 -> 0.314
  wrote run to: runs/real_data_diagnostics/log10_ccn/paper/sweep/D_lowlr_preadd
