cuda: True count: 1
Run parameters:
  batch_size = 256
  ccn_tail_quantile = 0.8
  checkpoint = True
  checkpoint_every = 10
  device = cuda
  epochs = 200
  event_flag = dust
  hidden_dim = 192
  index_dim = None
  log_ccn = True
  lr = 0.001
  mat_path = /storage3/fs1/myu/Active/felixhu/weather_data.mat
  max_coverage_90 = 0.99
  max_samples = None
  min_coverage_90 = 0.6
  no_oos = False
  no_plot = False
  no_readme = False
  noise_dim = 96
  num_layer = 3
  oos_batch_size = 512
  oos_bins = 10
  oos_reference_size = 2000
  out_dir = runs/real_data_diagnostics/log10_ccn/paper/sweep/D_lowlr_stonet
  pre_additive = False
  prediction_samples = 800
  resblock = False
  seed = 2026
  seq_stride = 4
  show = False
  skip_assertions = True
  split = paper
  stonet_head = True
  target = ccn
  test_size = None
  train_size = None
  verbose = False
  weight_decay = 0.0001
[epoch    1/200] energy-loss 0.4579 | fit 0.8708 | spread 0.4129
[epoch   10/200] energy-loss 0.3345 | fit 0.6713 | spread 0.3368
[epoch   20/200] energy-loss 0.2683 | fit 0.5326 | spread 0.2643
[epoch   30/200] energy-loss 0.2322 | fit 0.4601 | spread 0.2279
[epoch   40/200] energy-loss 0.2074 | fit 0.4130 | spread 0.2056
[epoch   50/200] energy-loss 0.1908 | fit 0.3805 | spread 0.1897
[epoch   60/200] energy-loss 0.1798 | fit 0.3563 | spread 0.1765
[epoch   70/200] energy-loss 0.1700 | fit 0.3424 | spread 0.1724
[epoch   80/200] energy-loss 0.1612 | fit 0.3251 | spread 0.1639
[epoch   90/200] energy-loss 0.1567 | fit 0.3129 | spread 0.1562
[epoch  100/200] energy-loss 0.1520 | fit 0.3023 | spread 0.1503
[epoch  110/200] energy-loss 0.1477 | fit 0.2942 | spread 0.1465
[epoch  120/200] energy-loss 0.1420 | fit 0.2843 | spread 0.1423
[epoch  130/200] energy-loss 0.1416 | fit 0.2833 | spread 0.1417
[epoch  140/200] energy-loss 0.1389 | fit 0.2790 | spread 0.1401
[epoch  150/200] energy-loss 0.1353 | fit 0.2726 | spread 0.1373
[epoch  160/200] energy-loss 0.1349 | fit 0.2732 | spread 0.1383
[epoch  170/200] energy-loss 0.1320 | fit 0.2667 | spread 0.1347
[epoch  180/200] energy-loss 0.1313 | fit 0.2636 | spread 0.1322
[epoch  190/200] energy-loss 0.1306 | fit 0.2631 | spread 0.1324
[epoch  200/200] energy-loss 0.1290 | fit 0.2581 | spread 0.1290
Real-data LSTM engression: ENA log10(CCN) / paper
  usable samples loaded: 60866  sequence shape: (61, 22)
  train rows: 57646   test rows: 3220
  energy score (CRPS): 0.1532
  median abs error:    0.1830
  90% coverage: 0.379  (width 0.220)
  50% coverage: 0.161  (width 0.090)
  embedding OOD (192-d): kNN mean dist 11.741, Mahalanobis mean dist 14.683
    coverage closest vs farthest bin: kNN 0.500 -> 0.357
  wrote run to: runs/real_data_diagnostics/log10_ccn/paper/sweep/D_lowlr_stonet
