[task 4/16] head=stonet --stonet-head  lr=0.003 layers=5 hidden=128  -> runs/real_data_diagnostics/ena_weather/log10_ccn/paper/lstm_sweep/stonet_lr0.003_l5_h128
cuda: True
Run parameters:
  batch_size = 256
  ccn_tail_quantile = 0.8
  checkpoint = False
  checkpoint_every = 1
  device = cuda
  early_stop_patience = 12
  engression_model = lstm
  epochs = 100
  event_flag = dust
  hidden_dim = 128
  index_dim = None
  log_ccn = True
  lr = 0.003
  mat_path = /storage3/fs1/myu/Active/felixhu/weather_data.mat
  max_coverage_90 = 0.99
  max_samples = None
  min_coverage_90 = 0.6
  no_oos = True
  no_plot = False
  no_readme = False
  noise_dim = 96
  num_layer = 5
  oos_batch_size = 512
  oos_bins = 10
  oos_reference_size = 2000
  out_dir = runs/real_data_diagnostics/ena_weather/log10_ccn/paper/lstm_sweep/stonet_lr0.003_l5_h128
  pre_additive = False
  prediction_samples = 400
  resblock = False
  seed = 2026
  seq_stride = 1
  show = False
  skip_assertions = True
  split = paper
  stonet_head = True
  target = ccn
  test_size = None
  train_size = None
  verbose = False
  weight_decay = 0.0
[epoch    1/100] energy-loss 0.5108 | fit 0.9916 | spread 0.4809
[epoch   10/100] energy-loss 0.3697 | fit 0.7345 | spread 0.3648
[epoch   20/100] energy-loss 0.3228 | fit 0.6566 | spread 0.3338
[epoch   30/100] energy-loss 0.2918 | fit 0.5891 | spread 0.2973
[epoch   40/100] energy-loss 0.2692 | fit 0.5388 | spread 0.2696
[epoch   50/100] energy-loss 0.2555 | fit 0.5108 | spread 0.2553
[epoch   60/100] energy-loss 0.2416 | fit 0.4897 | spread 0.2481
[epoch   70/100] energy-loss 0.2365 | fit 0.4781 | spread 0.2416
[epoch   80/100] energy-loss 0.2118 | fit 0.4257 | spread 0.2139
[epoch   90/100] energy-loss 0.2041 | fit 0.4124 | spread 0.2083
[epoch  100/100] energy-loss 0.1951 | fit 0.3923 | spread 0.1972
Real-data engression [lstm]: ENA log10(CCN) / paper
  usable samples loaded: 60866  sequence shape: (241, 22)
  train rows: 57646   test rows: 3220
  energy score (CRPS): 0.1367
  median abs error:    0.1763
  90% coverage: 0.573  (width 0.342)
  50% coverage: 0.241  (width 0.137)
  wrote run to: runs/real_data_diagnostics/ena_weather/log10_ccn/paper/lstm_sweep/stonet_lr0.003_l5_h128
