[task 12/16] head=stonet --stonet-head  lr=0.003 layers=5 hidden=192  -> runs/real_data_diagnostics/ena_weather/log10_ccn/paper/lstm_sweep/stonet_lr0.003_l5_h192
cuda: True
Run parameters:
  batch_size = 256
  ccn_tail_quantile = 0.8
  checkpoint = False
  checkpoint_every = 1
  device = cuda
  early_stop_patience = 12
  engression_model = lstm
  epochs = 100
  event_flag = dust
  hidden_dim = 192
  index_dim = None
  log_ccn = True
  lr = 0.003
  mat_path = /storage3/fs1/myu/Active/felixhu/weather_data.mat
  max_coverage_90 = 0.99
  max_samples = None
  min_coverage_90 = 0.6
  no_oos = True
  no_plot = False
  no_readme = False
  noise_dim = 96
  num_layer = 5
  oos_batch_size = 512
  oos_bins = 10
  oos_reference_size = 2000
  out_dir = runs/real_data_diagnostics/ena_weather/log10_ccn/paper/lstm_sweep/stonet_lr0.003_l5_h192
  pre_additive = False
  prediction_samples = 400
  resblock = False
  seed = 2026
  seq_stride = 1
  show = False
  skip_assertions = True
  split = paper
  stonet_head = True
  target = ccn
  test_size = None
  train_size = None
  verbose = False
  weight_decay = 0.0
[epoch    1/100] energy-loss 0.4995 | fit 0.9697 | spread 0.4701
[epoch   10/100] energy-loss 0.4159 | fit 0.8312 | spread 0.4152
[epoch   20/100] energy-loss 0.3870 | fit 0.7710 | spread 0.3840
[epoch   30/100] energy-loss 0.3576 | fit 0.7240 | spread 0.3665
[epoch   40/100] energy-loss 0.3791 | fit 0.7606 | spread 0.3815
[epoch   50/100] energy-loss 0.3345 | fit 0.6651 | spread 0.3307
[epoch   60/100] energy-loss 0.3212 | fit 0.6264 | spread 0.3053
[epoch   70/100] energy-loss 0.3136 | fit 0.6330 | spread 0.3194
[epoch   80/100] energy-loss 0.3029 | fit 0.6049 | spread 0.3020
[epoch   90/100] energy-loss 0.3244 | fit 0.6455 | spread 0.3211
[epoch  100/100] energy-loss 0.3011 | fit 0.6219 | spread 0.3208
Real-data engression [lstm]: ENA log10(CCN) / paper
  usable samples loaded: 60866  sequence shape: (241, 22)
  train rows: 57646   test rows: 3220
  energy score (CRPS): 0.1204
  median abs error:    0.1641
  90% coverage: 0.783  (width 0.503)
  50% coverage: 0.378  (width 0.193)
  wrote run to: runs/real_data_diagnostics/ena_weather/log10_ccn/paper/lstm_sweep/stonet_lr0.003_l5_h192
