[task 13/16] head=preadd --pre-additive  lr=0.003 layers=5 hidden=192  -> runs/real_data_diagnostics/ena_weather/log10_ccn/paper/lstm_sweep/preadd_lr0.003_l5_h192
cuda: True
Run parameters:
  batch_size = 256
  ccn_tail_quantile = 0.8
  checkpoint = False
  checkpoint_every = 1
  device = cuda
  early_stop_patience = 12
  engression_model = lstm
  epochs = 100
  event_flag = dust
  hidden_dim = 192
  index_dim = None
  log_ccn = True
  lr = 0.003
  mat_path = /storage3/fs1/myu/Active/felixhu/weather_data.mat
  max_coverage_90 = 0.99
  max_samples = None
  min_coverage_90 = 0.6
  no_oos = True
  no_plot = False
  no_readme = False
  noise_dim = 96
  num_layer = 5
  oos_batch_size = 512
  oos_bins = 10
  oos_reference_size = 2000
  out_dir = runs/real_data_diagnostics/ena_weather/log10_ccn/paper/lstm_sweep/preadd_lr0.003_l5_h192
  pre_additive = True
  prediction_samples = 400
  resblock = False
  seed = 2026
  seq_stride = 1
  show = False
  skip_assertions = True
  split = paper
  stonet_head = False
  target = ccn
  test_size = None
  train_size = None
  verbose = False
  weight_decay = 0.0
[epoch    1/100] energy-loss 0.7790 | fit 2.0890 | spread 1.3100
[epoch   10/100] energy-loss 0.3432 | fit 0.6729 | spread 0.3296
[epoch   20/100] energy-loss 0.2666 | fit 0.5258 | spread 0.2592
[epoch   30/100] energy-loss 0.2178 | fit 0.4246 | spread 0.2068
[epoch   40/100] energy-loss 0.1881 | fit 0.3631 | spread 0.1750
[epoch   50/100] energy-loss 0.1635 | fit 0.3169 | spread 0.1534
[epoch   60/100] energy-loss 0.1546 | fit 0.3013 | spread 0.1467
[epoch   70/100] energy-loss 0.1582 | fit 0.3087 | spread 0.1506
[epoch   80/100] energy-loss 0.1420 | fit 0.2743 | spread 0.1323
[epoch   90/100] energy-loss 0.1348 | fit 0.2634 | spread 0.1286
[epoch  100/100] energy-loss 0.1227 | fit 0.2337 | spread 0.1110
Real-data engression [lstm]: ENA log10(CCN) / paper
  usable samples loaded: 60866  sequence shape: (241, 22)
  train rows: 57646   test rows: 3220
  energy score (CRPS): 0.1569
  median abs error:    0.1823
  90% coverage: 0.321  (width 0.180)
  50% coverage: 0.133  (width 0.073)
  wrote run to: runs/real_data_diagnostics/ena_weather/log10_ccn/paper/lstm_sweep/preadd_lr0.003_l5_h192
