[task 7/16] head=preadd --pre-additive  lr=0.01 layers=5 hidden=128  -> runs/real_data_diagnostics/ena_weather/log10_ccn/paper/lstm_sweep/preadd_lr0.01_l5_h128
cuda: True
Run parameters:
  batch_size = 256
  ccn_tail_quantile = 0.8
  checkpoint = False
  checkpoint_every = 1
  device = cuda
  early_stop_patience = 12
  engression_model = lstm
  epochs = 100
  event_flag = dust
  hidden_dim = 128
  index_dim = None
  log_ccn = True
  lr = 0.01
  mat_path = /storage3/fs1/myu/Active/felixhu/weather_data.mat
  max_coverage_90 = 0.99
  max_samples = None
  min_coverage_90 = 0.6
  no_oos = True
  no_plot = False
  no_readme = False
  noise_dim = 96
  num_layer = 5
  oos_batch_size = 512
  oos_bins = 10
  oos_reference_size = 2000
  out_dir = runs/real_data_diagnostics/ena_weather/log10_ccn/paper/lstm_sweep/preadd_lr0.01_l5_h128
  pre_additive = True
  prediction_samples = 400
  resblock = False
  seed = 2026
  seq_stride = 1
  show = False
  skip_assertions = True
  split = paper
  stonet_head = False
  target = ccn
  test_size = None
  train_size = None
  verbose = False
  weight_decay = 0.0
[epoch    1/100] energy-loss 0.6877 | fit 1.5876 | spread 0.8999
[epoch   10/100] energy-loss 0.3421 | fit 0.6593 | spread 0.3172
[epoch   20/100] energy-loss 0.3159 | fit 0.6150 | spread 0.2991
[epoch   30/100] energy-loss 0.5228 | fit 1.0262 | spread 0.5034
[epoch 38] early stop: training energy loss has not improved by >0.0001 for 12 epochs
Real-data engression [lstm]: ENA log10(CCN) / paper
  usable samples loaded: 60866  sequence shape: (241, 22)
  train rows: 57646   test rows: 3220
  energy score (CRPS): 0.1676
  median abs error:    0.2327
  90% coverage: 0.838  (width 0.856)
  50% coverage: 0.450  (width 0.343)
  wrote run to: runs/real_data_diagnostics/ena_weather/log10_ccn/paper/lstm_sweep/preadd_lr0.01_l5_h128
