[task 12/48] variant=additive --additive-noise  lr=0.003 layers=5 hidden=128  -> runs/real_data_diagnostics/ena_weather/log10_ccn/paper/lstm_stochastic_sweep/additive_lr0.003_l5_h128
cuda: True
Run parameters:
  additive_noise = True
  appending_noise = False
  batch_size = 256
  ccn_tail_quantile = 0.8
  checkpoint = False
  checkpoint_every = 1
  device = cuda
  early_stop_patience = 12
  engression_model = lstm
  epochs = 100
  event_flag = dust
  global_latent_noise = False
  hidden_dim = 128
  index_dim = None
  log_ccn = True
  lr = 0.003
  mat_path = /storage3/fs1/myu/Active/felixhu/weather_data.mat
  max_coverage_90 = 0.99
  max_samples = None
  min_coverage_90 = 0.6
  no_oos = True
  no_plot = False
  no_readme = False
  noise_dim = 96
  num_layer = 5
  oos_batch_size = 512
  oos_bins = 10
  oos_reference_size = 2000
  out_dir = runs/real_data_diagnostics/ena_weather/log10_ccn/paper/lstm_stochastic_sweep/additive_lr0.003_l5_h128
  per_timestep_noise = False
  pre_additive = False
  prediction_samples = 400
  recurrent_state_noise = False
  resblock = False
  seed = 2026
  seq_stride = 1
  show = False
  skip_assertions = True
  split = paper
  stochastic_init_noise = False
  stonet_head = False
  target = ccn
  test_size = None
  train_size = None
  verbose = False
  weight_decay = 0.0
[epoch    1/100] energy-loss 0.4964 | fit 0.9000 | spread 0.4036
[epoch   10/100] energy-loss 0.3419 | fit 0.6729 | spread 0.3310
[epoch   20/100] energy-loss 0.2803 | fit 0.5561 | spread 0.2758
[epoch   30/100] energy-loss 0.2433 | fit 0.4872 | spread 0.2439
[epoch   40/100] energy-loss 0.2191 | fit 0.4404 | spread 0.2212
[epoch   50/100] energy-loss 0.2083 | fit 0.4149 | spread 0.2065
[epoch   60/100] energy-loss 0.1934 | fit 0.3872 | spread 0.1938
[epoch   70/100] energy-loss 0.1850 | fit 0.3759 | spread 0.1908
[epoch   80/100] energy-loss 0.1773 | fit 0.3625 | spread 0.1853
[epoch   90/100] energy-loss 0.1740 | fit 0.3511 | spread 0.1771
[epoch  100/100] energy-loss 0.1832 | fit 0.3715 | spread 0.1884
Real-data engression [lstm]: ENA log10(CCN) / paper
  usable samples loaded: 60866  sequence shape: (241, 22)
  train rows: 57646   test rows: 3220
  energy score (CRPS): 0.1365
  median abs error:    0.1736
  90% coverage: 0.520  (width 0.309)
  50% coverage: 0.218  (width 0.123)
  wrote run to: runs/real_data_diagnostics/ena_weather/log10_ccn/paper/lstm_stochastic_sweep/additive_lr0.003_l5_h128
