[task 36/48] variant=additive --additive-noise  lr=0.003 layers=5 hidden=192  -> runs/real_data_diagnostics/ena_weather/log10_ccn/paper/lstm_stochastic_sweep/additive_lr0.003_l5_h192
cuda: True
Run parameters:
  additive_noise = True
  appending_noise = False
  batch_size = 256
  ccn_tail_quantile = 0.8
  checkpoint = False
  checkpoint_every = 1
  device = cuda
  early_stop_patience = 12
  engression_model = lstm
  epochs = 100
  event_flag = dust
  global_latent_noise = False
  hidden_dim = 192
  index_dim = None
  log_ccn = True
  lr = 0.003
  mat_path = /storage3/fs1/myu/Active/felixhu/weather_data.mat
  max_coverage_90 = 0.99
  max_samples = None
  min_coverage_90 = 0.6
  no_oos = True
  no_plot = False
  no_readme = False
  noise_dim = 96
  num_layer = 5
  oos_batch_size = 512
  oos_bins = 10
  oos_reference_size = 2000
  out_dir = runs/real_data_diagnostics/ena_weather/log10_ccn/paper/lstm_stochastic_sweep/additive_lr0.003_l5_h192
  per_timestep_noise = False
  pre_additive = False
  prediction_samples = 400
  recurrent_state_noise = False
  resblock = False
  seed = 2026
  seq_stride = 1
  show = False
  skip_assertions = True
  split = paper
  stochastic_init_noise = False
  stonet_head = False
  target = ccn
  test_size = None
  train_size = None
  verbose = False
  weight_decay = 0.0
[epoch    1/100] energy-loss 0.5080 | fit 0.9249 | spread 0.4169
[epoch   10/100] energy-loss 0.3348 | fit 0.6641 | spread 0.3293
[epoch   20/100] energy-loss 0.2644 | fit 0.5190 | spread 0.2546
[epoch   30/100] energy-loss 0.2213 | fit 0.4417 | spread 0.2204
[epoch   40/100] energy-loss 0.1954 | fit 0.3926 | spread 0.1973
[epoch   50/100] energy-loss 0.1857 | fit 0.3731 | spread 0.1874
[epoch   60/100] energy-loss 0.1707 | fit 0.3474 | spread 0.1767
[epoch   70/100] energy-loss 0.1676 | fit 0.3372 | spread 0.1696
[epoch   80/100] energy-loss 0.1672 | fit 0.3428 | spread 0.1756
[epoch   90/100] energy-loss 0.1530 | fit 0.3137 | spread 0.1607
[epoch  100/100] energy-loss 0.7100 | fit 0.9703 | spread 0.2603
Real-data engression [lstm]: ENA log10(CCN) / paper
  usable samples loaded: 60866  sequence shape: (241, 22)
  train rows: 57646   test rows: 3220
  energy score (CRPS): 0.4497
  median abs error:    0.5228
  90% coverage: 0.293  (width 0.482)
  50% coverage: 0.122  (width 0.196)
  wrote run to: runs/real_data_diagnostics/ena_weather/log10_ccn/paper/lstm_stochastic_sweep/additive_lr0.003_l5_h192
