[task 1/48] variant=appending --appending-noise  lr=0.003 layers=3 hidden=128  -> runs/real_data_diagnostics/ena_weather/log10_ccn/paper/lstm_stochastic_sweep/appending_lr0.003_l3_h128
cuda: True
Run parameters:
  additive_noise = False
  appending_noise = True
  batch_size = 256
  ccn_tail_quantile = 0.8
  checkpoint = False
  checkpoint_every = 1
  device = cuda
  early_stop_patience = 12
  engression_model = lstm
  epochs = 100
  event_flag = dust
  global_latent_noise = False
  hidden_dim = 128
  index_dim = None
  log_ccn = True
  lr = 0.003
  mat_path = /storage3/fs1/myu/Active/felixhu/weather_data.mat
  max_coverage_90 = 0.99
  max_samples = None
  min_coverage_90 = 0.6
  no_oos = True
  no_plot = False
  no_readme = False
  noise_dim = 96
  num_layer = 3
  oos_batch_size = 512
  oos_bins = 10
  oos_reference_size = 2000
  out_dir = runs/real_data_diagnostics/ena_weather/log10_ccn/paper/lstm_stochastic_sweep/appending_lr0.003_l3_h128
  per_timestep_noise = False
  pre_additive = False
  prediction_samples = 400
  recurrent_state_noise = False
  resblock = False
  seed = 2026
  seq_stride = 1
  show = False
  skip_assertions = True
  split = paper
  stochastic_init_noise = False
  stonet_head = False
  target = ccn
  test_size = None
  train_size = None
  verbose = False
  weight_decay = 0.0
[epoch    1/100] energy-loss 0.4904 | fit 0.9140 | spread 0.4236
[epoch   10/100] energy-loss 0.3491 | fit 0.7036 | spread 0.3545
[epoch   20/100] energy-loss 0.2858 | fit 0.5715 | spread 0.2857
[epoch   30/100] energy-loss 0.2432 | fit 0.4876 | spread 0.2444
[epoch   40/100] energy-loss 0.2241 | fit 0.4433 | spread 0.2192
[epoch   50/100] energy-loss 0.2051 | fit 0.4092 | spread 0.2041
[epoch   60/100] energy-loss 0.1950 | fit 0.3921 | spread 0.1971
[epoch   70/100] energy-loss 0.1858 | fit 0.3722 | spread 0.1864
[epoch   80/100] energy-loss 0.1808 | fit 0.3648 | spread 0.1840
[epoch   90/100] energy-loss 0.1789 | fit 0.3589 | spread 0.1801
[epoch 99] early stop: training energy loss has not improved by >0.0001 for 12 epochs
Real-data engression [lstm]: ENA log10(CCN) / paper
  usable samples loaded: 60866  sequence shape: (241, 22)
  train rows: 57646   test rows: 3220
  energy score (CRPS): 0.1428
  median abs error:    0.1807
  90% coverage: 0.535  (width 0.325)
  50% coverage: 0.230  (width 0.129)
  wrote run to: runs/real_data_diagnostics/ena_weather/log10_ccn/paper/lstm_stochastic_sweep/appending_lr0.003_l3_h128
