[task 17/48] variant=recurrent --recurrent-state-noise  lr=0.003 layers=5 hidden=128  -> runs/real_data_diagnostics/ena_weather/log10_ccn/paper/lstm_stochastic_sweep/recurrent_lr0.003_l5_h128
cuda: True
Run parameters:
  additive_noise = False
  appending_noise = False
  batch_size = 256
  ccn_tail_quantile = 0.8
  checkpoint = False
  checkpoint_every = 1
  device = cuda
  early_stop_patience = 12
  engression_model = lstm
  epochs = 100
  event_flag = dust
  global_latent_noise = False
  hidden_dim = 128
  index_dim = None
  log_ccn = True
  lr = 0.003
  mat_path = /storage3/fs1/myu/Active/felixhu/weather_data.mat
  max_coverage_90 = 0.99
  max_samples = None
  min_coverage_90 = 0.6
  no_oos = True
  no_plot = False
  no_readme = False
  noise_dim = 96
  num_layer = 5
  oos_batch_size = 512
  oos_bins = 10
  oos_reference_size = 2000
  out_dir = runs/real_data_diagnostics/ena_weather/log10_ccn/paper/lstm_stochastic_sweep/recurrent_lr0.003_l5_h128
  per_timestep_noise = False
  pre_additive = False
  prediction_samples = 400
  recurrent_state_noise = True
  resblock = False
  seed = 2026
  seq_stride = 1
  show = False
  skip_assertions = True
  split = paper
  stochastic_init_noise = False
  stonet_head = False
  target = ccn
  test_size = None
  train_size = None
  verbose = False
  weight_decay = 0.0
[epoch    1/100] energy-loss 0.5037 | fit 0.9436 | spread 0.4399
[epoch   10/100] energy-loss 0.4193 | fit 0.8365 | spread 0.4173
[epoch   20/100] energy-loss 0.3830 | fit 0.7660 | spread 0.3830
[epoch   30/100] energy-loss 0.3640 | fit 0.7370 | spread 0.3730
[epoch   40/100] energy-loss 0.3490 | fit 0.7001 | spread 0.3511
[epoch   50/100] energy-loss 0.3386 | fit 0.6887 | spread 0.3500
[epoch   60/100] energy-loss 0.3387 | fit 0.6891 | spread 0.3504
[epoch   70/100] energy-loss 0.3239 | fit 0.6530 | spread 0.3291
[epoch   80/100] energy-loss 0.3304 | fit 0.6760 | spread 0.3456
[epoch 83] early stop: training energy loss has not improved by >0.0001 for 12 epochs
Real-data engression [lstm]: ENA log10(CCN) / paper
  usable samples loaded: 60866  sequence shape: (241, 22)
  train rows: 57646   test rows: 3220
  energy score (CRPS): 0.1254
  median abs error:    0.1727
  90% coverage: 0.817  (width 0.589)
  50% coverage: 0.417  (width 0.231)
  wrote run to: runs/real_data_diagnostics/ena_weather/log10_ccn/paper/lstm_stochastic_sweep/recurrent_lr0.003_l5_h128
