[task 40/48] variant=init_state --stochastic-init-noise  lr=0.003 layers=5 hidden=192  -> runs/real_data_diagnostics/ena_weather/log10_ccn/paper/lstm_stochastic_sweep/init_state_lr0.003_l5_h192
cuda: True
Run parameters:
  additive_noise = False
  appending_noise = False
  batch_size = 256
  ccn_tail_quantile = 0.8
  checkpoint = False
  checkpoint_every = 1
  device = cuda
  early_stop_patience = 12
  engression_model = lstm
  epochs = 100
  event_flag = dust
  global_latent_noise = False
  hidden_dim = 192
  index_dim = None
  log_ccn = True
  lr = 0.003
  mat_path = /storage3/fs1/myu/Active/felixhu/weather_data.mat
  max_coverage_90 = 0.99
  max_samples = None
  min_coverage_90 = 0.6
  no_oos = True
  no_plot = False
  no_readme = False
  noise_dim = 96
  num_layer = 5
  oos_batch_size = 512
  oos_bins = 10
  oos_reference_size = 2000
  out_dir = runs/real_data_diagnostics/ena_weather/log10_ccn/paper/lstm_stochastic_sweep/init_state_lr0.003_l5_h192
  per_timestep_noise = False
  pre_additive = False
  prediction_samples = 400
  recurrent_state_noise = False
  resblock = False
  seed = 2026
  seq_stride = 1
  show = False
  skip_assertions = True
  split = paper
  stochastic_init_noise = True
  stonet_head = False
  target = ccn
  test_size = None
  train_size = None
  verbose = False
  weight_decay = 0.0
[epoch    1/100] energy-loss 0.6868 | fit 0.6873 | spread 0.0004
[epoch   10/100] energy-loss 0.4445 | fit 0.6747 | spread 0.2302
[epoch   20/100] energy-loss 0.3188 | fit 0.6124 | spread 0.2936
[epoch   30/100] energy-loss 0.2675 | fit 0.5193 | spread 0.2518
[epoch   40/100] energy-loss 0.2262 | fit 0.4335 | spread 0.2073
[epoch   50/100] energy-loss 0.2011 | fit 0.3849 | spread 0.1837
[epoch   60/100] energy-loss 0.1786 | fit 0.3483 | spread 0.1697
[epoch   70/100] energy-loss 0.1742 | fit 0.3348 | spread 0.1606
[epoch   80/100] energy-loss 0.1595 | fit 0.3073 | spread 0.1478
[epoch   90/100] energy-loss 0.1566 | fit 0.3005 | spread 0.1439
[epoch 98] early stop: training energy loss has not improved by >0.0001 for 12 epochs
Real-data engression [lstm]: ENA log10(CCN) / paper
  usable samples loaded: 60866  sequence shape: (241, 22)
  train rows: 57646   test rows: 3220
  energy score (CRPS): 0.1468
  median abs error:    0.1846
  90% coverage: 0.529  (width 0.330)
  50% coverage: 0.230  (width 0.132)
  wrote run to: runs/real_data_diagnostics/ena_weather/log10_ccn/paper/lstm_stochastic_sweep/init_state_lr0.003_l5_h192
