[task 16/48] variant=init_state --stochastic-init-noise  lr=0.003 layers=5 hidden=128  -> runs/real_data_diagnostics/ena_weather/log10_ccn/paper/lstm_stochastic_sweep/init_state_lr0.003_l5_h128
cuda: True
Run parameters:
  additive_noise = False
  appending_noise = False
  batch_size = 256
  ccn_tail_quantile = 0.8
  checkpoint = False
  checkpoint_every = 1
  device = cuda
  early_stop_patience = 12
  engression_model = lstm
  epochs = 100
  event_flag = dust
  global_latent_noise = False
  hidden_dim = 128
  index_dim = None
  log_ccn = True
  lr = 0.003
  mat_path = /storage3/fs1/myu/Active/felixhu/weather_data.mat
  max_coverage_90 = 0.99
  max_samples = None
  min_coverage_90 = 0.6
  no_oos = True
  no_plot = False
  no_readme = False
  noise_dim = 96
  num_layer = 5
  oos_batch_size = 512
  oos_bins = 10
  oos_reference_size = 2000
  out_dir = runs/real_data_diagnostics/ena_weather/log10_ccn/paper/lstm_stochastic_sweep/init_state_lr0.003_l5_h128
  per_timestep_noise = False
  pre_additive = False
  prediction_samples = 400
  recurrent_state_noise = False
  resblock = False
  seed = 2026
  seq_stride = 1
  show = False
  skip_assertions = True
  split = paper
  stochastic_init_noise = True
  stonet_head = False
  target = ccn
  test_size = None
  train_size = None
  verbose = False
  weight_decay = 0.0
[epoch    1/100] energy-loss 0.6910 | fit 0.6921 | spread 0.0011
[epoch   10/100] energy-loss 0.4103 | fit 0.7741 | spread 0.3638
[epoch   20/100] energy-loss 0.3684 | fit 0.7107 | spread 0.3423
[epoch   30/100] energy-loss 0.3350 | fit 0.6457 | spread 0.3106
[epoch   40/100] energy-loss 0.2998 | fit 0.5921 | spread 0.2923
[epoch   50/100] energy-loss 0.2711 | fit 0.5354 | spread 0.2643
[epoch   60/100] energy-loss 0.2478 | fit 0.4910 | spread 0.2432
[epoch   70/100] energy-loss 0.2430 | fit 0.4747 | spread 0.2317
[epoch   80/100] energy-loss 0.2234 | fit 0.4381 | spread 0.2147
[epoch   90/100] energy-loss 0.2142 | fit 0.4261 | spread 0.2120
[epoch  100/100] energy-loss 0.2090 | fit 0.4147 | spread 0.2057
Real-data engression [lstm]: ENA log10(CCN) / paper
  usable samples loaded: 60866  sequence shape: (241, 22)
  train rows: 57646   test rows: 3220
  energy score (CRPS): 0.1363
  median abs error:    0.1776
  90% coverage: 0.611  (width 0.375)
  50% coverage: 0.275  (width 0.152)
  wrote run to: runs/real_data_diagnostics/ena_weather/log10_ccn/paper/lstm_stochastic_sweep/init_state_lr0.003_l5_h128
