[task 29/48] variant=recurrent --recurrent-state-noise  lr=0.003 layers=3 hidden=192  -> runs/real_data_diagnostics/ena_weather/log10_ccn/paper/lstm_stochastic_sweep/recurrent_lr0.003_l3_h192
cuda: True
Run parameters:
  additive_noise = False
  appending_noise = False
  batch_size = 256
  ccn_tail_quantile = 0.8
  checkpoint = False
  checkpoint_every = 1
  device = cuda
  early_stop_patience = 12
  engression_model = lstm
  epochs = 100
  event_flag = dust
  global_latent_noise = False
  hidden_dim = 192
  index_dim = None
  log_ccn = True
  lr = 0.003
  mat_path = /storage3/fs1/myu/Active/felixhu/weather_data.mat
  max_coverage_90 = 0.99
  max_samples = None
  min_coverage_90 = 0.6
  no_oos = True
  no_plot = False
  no_readme = False
  noise_dim = 96
  num_layer = 3
  oos_batch_size = 512
  oos_bins = 10
  oos_reference_size = 2000
  out_dir = runs/real_data_diagnostics/ena_weather/log10_ccn/paper/lstm_stochastic_sweep/recurrent_lr0.003_l3_h192
  per_timestep_noise = False
  pre_additive = False
  prediction_samples = 400
  recurrent_state_noise = True
  resblock = False
  seed = 2026
  seq_stride = 1
  show = False
  skip_assertions = True
  split = paper
  stochastic_init_noise = False
  stonet_head = False
  target = ccn
  test_size = None
  train_size = None
  verbose = False
  weight_decay = 0.0
[epoch    1/100] energy-loss 0.5068 | fit 0.9705 | spread 0.4637
[epoch   10/100] energy-loss 0.3835 | fit 0.7727 | spread 0.3892
[epoch   20/100] energy-loss 0.3604 | fit 0.7241 | spread 0.3637
[epoch   30/100] energy-loss 0.3477 | fit 0.7050 | spread 0.3573
[epoch   40/100] energy-loss 0.3443 | fit 0.6943 | spread 0.3499
[epoch   50/100] energy-loss 0.3360 | fit 0.6787 | spread 0.3427
[epoch   60/100] energy-loss 0.3292 | fit 0.6703 | spread 0.3411
[epoch 69] early stop: training energy loss has not improved by >0.0001 for 12 epochs
Real-data engression [lstm]: ENA log10(CCN) / paper
  usable samples loaded: 60866  sequence shape: (241, 22)
  train rows: 57646   test rows: 3220
  energy score (CRPS): 0.1173
  median abs error:    0.1630
  90% coverage: 0.852  (width 0.590)
  50% coverage: 0.441  (width 0.236)
  wrote run to: runs/real_data_diagnostics/ena_weather/log10_ccn/paper/lstm_stochastic_sweep/recurrent_lr0.003_l3_h192
