[task 9/16] variant=appending --appending-noise  lr=0.003 layers=3 hidden=192  -> runs/real_data_diagnostics/ena_weather/log10_ccn/paper/lstm_stochastic_sweep/appending_lr0.003_l3_h192
cuda: True
Run parameters:
  additive_noise = False
  appending_noise = True
  batch_size = 256
  ccn_tail_quantile = 0.8
  checkpoint = False
  checkpoint_every = 1
  device = cuda
  early_stop_patience = 12
  engression_model = lstm
  epochs = 100
  event_flag = dust
  hidden_dim = 192
  index_dim = None
  log_ccn = True
  lr = 0.003
  mat_path = /storage3/fs1/myu/Active/felixhu/weather_data.mat
  max_coverage_90 = 0.99
  max_samples = None
  min_coverage_90 = 0.6
  no_oos = True
  no_plot = False
  no_readme = False
  noise_dim = 96
  num_layer = 3
  oos_batch_size = 512
  oos_bins = 10
  oos_reference_size = 2000
  out_dir = runs/real_data_diagnostics/ena_weather/log10_ccn/paper/lstm_stochastic_sweep/appending_lr0.003_l3_h192
  pre_additive = False
  prediction_samples = 400
  resblock = False
  seed = 2026
  seq_stride = 1
  show = False
  skip_assertions = True
  split = paper
  stonet_head = False
  target = ccn
  test_size = None
  train_size = None
  verbose = False
  weight_decay = 0.0
[epoch    1/100] energy-loss 0.4927 | fit 0.9185 | spread 0.4258
[epoch   10/100] energy-loss 0.3395 | fit 0.6760 | spread 0.3365
[epoch   20/100] energy-loss 0.2644 | fit 0.5224 | spread 0.2580
[epoch   30/100] energy-loss 0.2195 | fit 0.4385 | spread 0.2191
[epoch   40/100] energy-loss 0.1920 | fit 0.3805 | spread 0.1886
[epoch   50/100] energy-loss 0.1746 | fit 0.3516 | spread 0.1770
[epoch   60/100] energy-loss 0.1640 | fit 0.3302 | spread 0.1662
[epoch   70/100] energy-loss 0.1542 | fit 0.3110 | spread 0.1568
[epoch   80/100] energy-loss 0.1463 | fit 0.2984 | spread 0.1521
[epoch   90/100] energy-loss 0.1402 | fit 0.2834 | spread 0.1433
[epoch  100/100] energy-loss 0.1398 | fit 0.2802 | spread 0.1404
Real-data engression [lstm]: ENA log10(CCN) / paper
  usable samples loaded: 60866  sequence shape: (241, 22)
  train rows: 57646   test rows: 3220
  energy score (CRPS): 0.1465
  median abs error:    0.1777
  90% coverage: 0.424  (width 0.242)
  50% coverage: 0.182  (width 0.097)
  wrote run to: runs/real_data_diagnostics/ena_weather/log10_ccn/paper/lstm_stochastic_sweep/appending_lr0.003_l3_h192
