[task 41/48] variant=recurrent --recurrent-state-noise  lr=0.003 layers=5 hidden=192  -> runs/real_data_diagnostics/ena_weather/log10_ccn/paper/lstm_stochastic_sweep/recurrent_lr0.003_l5_h192
cuda: True
Run parameters:
  additive_noise = False
  appending_noise = False
  batch_size = 256
  ccn_tail_quantile = 0.8
  checkpoint = False
  checkpoint_every = 1
  device = cuda
  early_stop_patience = 12
  engression_model = lstm
  epochs = 100
  event_flag = dust
  global_latent_noise = False
  hidden_dim = 192
  index_dim = None
  log_ccn = True
  lr = 0.003
  mat_path = /storage3/fs1/myu/Active/felixhu/weather_data.mat
  max_coverage_90 = 0.99
  max_samples = None
  min_coverage_90 = 0.6
  no_oos = True
  no_plot = False
  no_readme = False
  noise_dim = 96
  num_layer = 5
  oos_batch_size = 512
  oos_bins = 10
  oos_reference_size = 2000
  out_dir = runs/real_data_diagnostics/ena_weather/log10_ccn/paper/lstm_stochastic_sweep/recurrent_lr0.003_l5_h192
  per_timestep_noise = False
  pre_additive = False
  prediction_samples = 400
  recurrent_state_noise = True
  resblock = False
  seed = 2026
  seq_stride = 1
  show = False
  skip_assertions = True
  split = paper
  stochastic_init_noise = False
  stonet_head = False
  target = ccn
  test_size = None
  train_size = None
  verbose = False
  weight_decay = 0.0
[epoch    1/100] energy-loss 0.5023 | fit 0.9466 | spread 0.4443
[epoch   10/100] energy-loss 0.4040 | fit 0.8169 | spread 0.4128
[epoch   20/100] energy-loss 0.3835 | fit 0.7783 | spread 0.3948
[epoch   30/100] energy-loss 0.3739 | fit 0.7483 | spread 0.3744
[epoch   40/100] energy-loss 0.3631 | fit 0.7423 | spread 0.3792
[epoch   50/100] energy-loss 0.3625 | fit 0.7334 | spread 0.3709
[epoch 58] early stop: training energy loss has not improved by >0.0001 for 12 epochs
Real-data engression [lstm]: ENA log10(CCN) / paper
  usable samples loaded: 60866  sequence shape: (241, 22)
  train rows: 57646   test rows: 3220
  energy score (CRPS): 0.1134
  median abs error:    0.1580
  90% coverage: 0.896  (width 0.655)
  50% coverage: 0.501  (width 0.260)
  wrote run to: runs/real_data_diagnostics/ena_weather/log10_ccn/paper/lstm_stochastic_sweep/recurrent_lr0.003_l5_h192
