[task 14/16] head=stonet --stonet-head  lr=0.01 layers=5 hidden=192  -> runs/real_data_diagnostics/ena_weather/log10_ccn/paper/lstm_sweep_oos/stonet_lr0.01_l5_h192
cuda: True count: 1
Run parameters:
  batch_size = 256
  ccn_tail_quantile = 0.8
  checkpoint = True
  checkpoint_every = 25
  device = cuda
  early_stop_patience = 12
  engression_model = lstm
  epochs = 100
  event_flag = dust
  hidden_dim = 192
  index_dim = None
  log_ccn = True
  lr = 0.01
  mat_path = /storage3/fs1/myu/Active/felixhu/weather_data.mat
  max_coverage_90 = 0.99
  max_samples = None
  min_coverage_90 = 0.6
  no_oos = False
  no_plot = False
  no_readme = False
  noise_dim = 96
  num_layer = 5
  oos_batch_size = 512
  oos_bins = 10
  oos_reference_size = 2000
  out_dir = runs/real_data_diagnostics/ena_weather/log10_ccn/paper/lstm_sweep_oos/stonet_lr0.01_l5_h192
  pre_additive = False
  prediction_samples = 400
  resblock = False
  seed = 2026
  seq_stride = 1
  show = False
  skip_assertions = True
  split = paper
  stonet_head = True
  target = ccn
  test_size = None
  train_size = None
  verbose = False
  weight_decay = 0.0
[epoch    1/100] energy-loss 0.5436 | fit 1.0955 | spread 0.5519
[epoch   10/100] energy-loss 0.4695 | fit 0.9828 | spread 0.5133
[epoch   20/100] energy-loss 0.4035 | fit 0.8179 | spread 0.4144
[epoch   30/100] energy-loss 0.3993 | fit 0.8275 | spread 0.4282
[epoch   40/100] energy-loss 0.3739 | fit 0.7555 | spread 0.3816
[epoch   50/100] energy-loss 0.5549 | fit 1.0919 | spread 0.5370
[epoch 53] early stop: training energy loss has not improved by >0.0001 for 12 epochs
Real-data engression [lstm]: ENA log10(CCN) / paper
  usable samples loaded: 60866  sequence shape: (241, 22)
  train rows: 57646   test rows: 3220
  energy score (CRPS): 0.1611
  median abs error:    0.2164
  90% coverage: 0.762  (width 0.785)
  50% coverage: 0.488  (width 0.342)
  embedding OOD (192-d): kNN mean dist 9.309, Mahalanobis mean dist 13.966
    coverage closest vs farthest bin: kNN 0.792 -> 0.761
  wrote run to: runs/real_data_diagnostics/ena_weather/log10_ccn/paper/lstm_sweep_oos/stonet_lr0.01_l5_h192
