[task 15/16] head=preadd --pre-additive  lr=0.01 layers=5 hidden=192  -> runs/real_data_diagnostics/ena_weather/log10_ccn/paper/lstm_sweep_oos/preadd_lr0.01_l5_h192
cuda: True count: 1
Run parameters:
  batch_size = 256
  ccn_tail_quantile = 0.8
  checkpoint = True
  checkpoint_every = 25
  device = cuda
  early_stop_patience = 12
  engression_model = lstm
  epochs = 100
  event_flag = dust
  hidden_dim = 192
  index_dim = None
  log_ccn = True
  lr = 0.01
  mat_path = /storage3/fs1/myu/Active/felixhu/weather_data.mat
  max_coverage_90 = 0.99
  max_samples = None
  min_coverage_90 = 0.6
  no_oos = False
  no_plot = False
  no_readme = False
  noise_dim = 96
  num_layer = 5
  oos_batch_size = 512
  oos_bins = 10
  oos_reference_size = 2000
  out_dir = runs/real_data_diagnostics/ena_weather/log10_ccn/paper/lstm_sweep_oos/preadd_lr0.01_l5_h192
  pre_additive = True
  prediction_samples = 400
  resblock = False
  seed = 2026
  seq_stride = 1
  show = False
  skip_assertions = True
  split = paper
  stonet_head = False
  target = ccn
  test_size = None
  train_size = None
  verbose = False
  weight_decay = 0.0
[epoch    1/100] energy-loss 0.7079 | fit 1.6673 | spread 0.9594
[epoch   10/100] energy-loss 0.3846 | fit 0.7553 | spread 0.3707
[epoch   20/100] energy-loss 0.3169 | fit 0.6172 | spread 0.3003
[epoch   30/100] energy-loss 1.0210 | fit 1.3999 | spread 0.3789
[epoch 38] early stop: training energy loss has not improved by >0.0001 for 12 epochs
Real-data engression [lstm]: ENA log10(CCN) / paper
  usable samples loaded: 60866  sequence shape: (241, 22)
  train rows: 57646   test rows: 3220
  energy score (CRPS): 0.3108
  median abs error:    0.3879
  90% coverage: 0.511  (width 0.621)
  50% coverage: 0.216  (width 0.256)
  embedding OOD (192-d): kNN mean dist 12.712, Mahalanobis mean dist 14.944
    coverage closest vs farthest bin: kNN 0.599 -> 0.342
  wrote run to: runs/real_data_diagnostics/ena_weather/log10_ccn/paper/lstm_sweep_oos/preadd_lr0.01_l5_h192
