Run parameters:
  additive_noise = False
  appending_noise = False
  batch_size = 128
  ccn_tail_quantile = 0.8
  checkpoint = True
  checkpoint_every = 10
  device = mps
  early_stop_patience = 12
  engression_model = lstm
  epochs = 100
  event_flag = dust
  global_latent_noise = True
  hidden_dim = 128
  index_dim = None
  log_ccn = True
  lr = 0.003
  mat_path = data_generation/weather_data.mat
  max_coverage_90 = 0.99
  max_samples = None
  min_coverage_90 = 0.6
  no_oos = True
  no_plot = False
  no_readme = False
  noise_dim = 96
  num_layer = 3
  oos_batch_size = 512
  oos_bins = 10
  oos_reference_size = 2000
  out_dir = runs/real_data_diagnostics/ena_weather/log10_ccn/paper/epsilon_dim_ablation/global_latent_eps96
  per_timestep_noise = False
  pre_additive = False
  prediction_samples = 400
  recurrent_state_noise = False
  resblock = False
  seed = 2026
  seq_stride = 1
  show = False
  skip_assertions = True
  split = paper
  stochastic_init_noise = False
  stonet_head = False
  target = ccn
  test_size = None
  train_size = None
  verbose = True
  weight_decay = 0.0
[epoch    1/100] energy-loss 0.4938 | fit 0.9855 | spread 0.4917
[epoch   10/100] energy-loss 0.4381 | fit 0.9139 | spread 0.4758
[epoch   20/100] energy-loss 0.4362 | fit 0.9233 | spread 0.4872
[epoch 28] early stop: training energy loss has not improved by >0.0001 for 12 epochs
Real-data engression [lstm]: ENA log10(CCN) / paper
  usable samples loaded: 60866  sequence shape: (241, 22)
  train rows: 57646   test rows: 3220
  energy score (CRPS): 0.1256
  median abs error:    0.1747
  90% coverage: 0.935  (width 0.845)
  50% coverage: 0.571  (width 0.331)
  PIT shape:    overdispersed (intervals too wide)  (mean 0.530/0.5, var 0.068/0.083, KS 0.076)
  wrote run to: runs/real_data_diagnostics/ena_weather/log10_ccn/paper/epsilon_dim_ablation/global_latent_eps96
