Run parameters:
  additive_noise = False
  appending_noise = False
  batch_size = 128
  ccn_tail_quantile = 0.8
  checkpoint = True
  checkpoint_every = 10
  device = mps
  early_stop_patience = 12
  engression_model = lstm
  epochs = 100
  event_flag = dust
  global_latent_noise = True
  hidden_dim = 128
  index_dim = None
  log_ccn = True
  lr = 0.003
  mat_path = data_generation/weather_data.mat
  max_coverage_90 = 0.99
  max_samples = None
  min_coverage_90 = 0.6
  no_oos = True
  no_plot = False
  no_readme = False
  noise_dim = 1
  num_layer = 3
  oos_batch_size = 512
  oos_bins = 10
  oos_reference_size = 2000
  out_dir = runs/real_data_diagnostics/ena_weather/log10_ccn/paper/epsilon_dim_ablation/global_latent_eps1
  per_timestep_noise = False
  pre_additive = False
  prediction_samples = 400
  recurrent_state_noise = False
  resblock = False
  seed = 2026
  seq_stride = 1
  show = False
  skip_assertions = True
  split = paper
  stochastic_init_noise = False
  stonet_head = False
  target = ccn
  test_size = None
  train_size = None
  verbose = True
  weight_decay = 0.0
[epoch    1/100] energy-loss 0.4879 | fit 0.9176 | spread 0.4297
[epoch   10/100] energy-loss 0.3269 | fit 0.6453 | spread 0.3184
[epoch   20/100] energy-loss 0.2593 | fit 0.5136 | spread 0.2543
[epoch   30/100] energy-loss 0.2197 | fit 0.4261 | spread 0.2064
[epoch   40/100] energy-loss 0.1951 | fit 0.3864 | spread 0.1912
[epoch   50/100] energy-loss 0.1770 | fit 0.3471 | spread 0.1701
[epoch   60/100] energy-loss 0.1670 | fit 0.3271 | spread 0.1602
[epoch   70/100] energy-loss 0.1595 | fit 0.3111 | spread 0.1516
[epoch   80/100] energy-loss 0.1527 | fit 0.3010 | spread 0.1483
[epoch   90/100] energy-loss 0.2275 | fit 0.4470 | spread 0.2195
[epoch 90] early stop: training energy loss has not improved by >0.0001 for 12 epochs
Real-data engression [lstm]: ENA log10(CCN) / paper
  usable samples loaded: 60866  sequence shape: (241, 22)
  train rows: 57646   test rows: 3220
  energy score (CRPS): 0.1453
  median abs error:    0.1884
  90% coverage: 0.585  (width 0.376)
  50% coverage: 0.257  (width 0.151)
  PIT shape:    underdispersed (intervals too narrow)  (mean 0.522/0.5, var 0.148/0.083, KS 0.177)
  wrote run to: runs/real_data_diagnostics/ena_weather/log10_ccn/paper/epsilon_dim_ablation/global_latent_eps1
