Run parameters:
  additive_noise = False
  appending_noise = False
  batch_size = 128
  ccn_tail_quantile = 0.8
  checkpoint = True
  checkpoint_every = 10
  device = mps
  early_stop_patience = 12
  engression_model = lstm
  epochs = 100
  event_flag = dust
  global_latent_noise = True
  hidden_dim = 128
  index_dim = None
  log_ccn = True
  lr = 0.003
  mat_path = data_generation/weather_data.mat
  max_coverage_90 = 0.99
  max_samples = None
  min_coverage_90 = 0.6
  no_oos = True
  no_plot = False
  no_readme = False
  noise_dim = 16
  num_layer = 3
  oos_batch_size = 512
  oos_bins = 10
  oos_reference_size = 2000
  out_dir = runs/real_data_diagnostics/ena_weather/log10_ccn/paper/epsilon_dim_ablation/global_latent_eps16
  per_timestep_noise = False
  pre_additive = False
  prediction_samples = 400
  recurrent_state_noise = False
  resblock = False
  seed = 2026
  seq_stride = 1
  show = False
  skip_assertions = True
  split = paper
  stochastic_init_noise = False
  stonet_head = False
  target = ccn
  test_size = None
  train_size = None
  verbose = True
  weight_decay = 0.0
[epoch    1/100] energy-loss 0.4872 | fit 0.9331 | spread 0.4460
[epoch   10/100] energy-loss 0.4158 | fit 0.8359 | spread 0.4201
[epoch   20/100] energy-loss 0.4127 | fit 0.8356 | spread 0.4229
[epoch   30/100] energy-loss 0.4090 | fit 0.8366 | spread 0.4276
[epoch 37] early stop: training energy loss has not improved by >0.0001 for 12 epochs
Real-data engression [lstm]: ENA log10(CCN) / paper
  usable samples loaded: 60866  sequence shape: (241, 22)
  train rows: 57646   test rows: 3220
  energy score (CRPS): 0.1232
  median abs error:    0.1716
  90% coverage: 0.872  (width 0.649)
  50% coverage: 0.447  (width 0.250)
  PIT shape:    well-dispersed  (mean 0.551/0.5, var 0.090/0.083, KS 0.098)
  wrote run to: runs/real_data_diagnostics/ena_weather/log10_ccn/paper/epsilon_dim_ablation/global_latent_eps16
