cuda: True count: 1
Tue Jun 30 11:35:58 2026       
+-----------------------------------------------------------------------------------------+
| NVIDIA-SMI 550.54.14              Driver Version: 550.54.14      CUDA Version: 12.4     |
|-----------------------------------------+------------------------+----------------------+
| GPU  Name                 Persistence-M | Bus-Id          Disp.A | Volatile Uncorr. ECC |
| Fan  Temp   Perf          Pwr:Usage/Cap |           Memory-Usage | GPU-Util  Compute M. |
|                                         |                        |               MIG M. |
|=========================================+========================+======================|
|   0  NVIDIA H100 80GB HBM3          Off |   00000000:55:00.0 Off |                  Off |
| N/A   34C    P0            142W /  700W |    3082MiB /  81559MiB |     39%      Default |
|                                         |                        |             Disabled |
+-----------------------------------------+------------------------+----------------------+
|   1  NVIDIA H100 80GB HBM3          Off |   00000000:68:00.0 Off |                  Off |
| N/A   35C    P0            146W /  700W |    1540MiB /  81559MiB |     49%      Default |
|                                         |                        |             Disabled |
+-----------------------------------------+------------------------+----------------------+
|   2  NVIDIA H100 80GB HBM3          Off |   00000000:D2:00.0 Off |                  Off |
| N/A   48C    P0            564W /  700W |   22008MiB /  81559MiB |    100%      Default |
|                                         |                        |             Disabled |
+-----------------------------------------+------------------------+----------------------+
|   3  NVIDIA H100 80GB HBM3          Off |   00000000:E4:00.0 Off |                  Off |
| N/A   35C    P0             70W /  700W |       0MiB /  81559MiB |      0%      Default |
|                                         |                        |             Disabled |
+-----------------------------------------+------------------------+----------------------+
                                                                                         
+-----------------------------------------------------------------------------------------+
| Processes:                                                                              |
|  GPU   GI   CI        PID   Type   Process name                              GPU Memory |
|        ID   ID                                                               Usage      |
|=========================================================================================|
|    0   N/A  N/A    707405      C   python3                                      1536MiB |
|    0   N/A  N/A    967791      C   ...s.siyuan/bin/miniconda3/bin/python3       1530MiB |
|    1   N/A  N/A    967792      C   ...s.siyuan/bin/miniconda3/bin/python3       1530MiB |
|    2   N/A  N/A    971364      C   python                                      21998MiB |
+-----------------------------------------------------------------------------------------+
Run parameters:
  batch_size = 256
  ccn_tail_quantile = 0.8
  checkpoint = True
  checkpoint_every = 1
  device = cuda
  engression_model = vanilla
  epochs = 120
  event_flag = dust
  hidden_dim = 192
  index_dim = None
  log_ccn = True
  lr = 0.003
  mat_path = /storage3/fs1/myu/Active/felixhu/weather_data.mat
  max_coverage_90 = 0.99
  max_samples = None
  min_coverage_90 = 0.6
  no_oos = False
  no_plot = False
  no_readme = False
  noise_dim = 96
  num_layer = 3
  oos_batch_size = 512
  oos_bins = 10
  oos_reference_size = 2000
  out_dir = None
  pre_additive = False
  prediction_samples = 800
  resblock = False
  seed = 2026
  seq_stride = 1
  show = False
  skip_assertions = True
  split = paper
  stonet_head = False
  target = ccn
  test_size = None
  train_size = None
  verbose = False
  weight_decay = 0.0
Out of memory; reduce the batch size to 1610
Real-data engression [vanilla]: ENA log10(CCN) / paper
  usable samples loaded: 60866  sequence shape: (5302,)
  train rows: 57646   test rows: 3220
  energy score (CRPS): 0.1502
  median abs error:    0.1787
  90% coverage: 0.361  (width 0.207)
  50% coverage: 0.143  (width 0.085)
  wrote run to: /home/felixhu/WeatherEngression/runs/real_data_diagnostics/ena_weather/log10_ccn/paper/vanilla
